16:01:46 **** Incremental Build of configuration Debug for project EEE3096S_2022_Prac_2_Delays_and_I2C_Student_Version ****
make -j8 all 
arm-none-eabi-gcc "../Core/Src/main.c" -mcpu=cortex-m0 -std=gnu11 -g3 -DDEBUG -DUSE_HAL_DRIVER -DSTM32F051x8 -c -I../Core/Inc -I../Drivers/STM32F0xx_HAL_Driver/Inc -I../Drivers/STM32F0xx_HAL_Driver/Inc/Legacy -I../Drivers/CMSIS/Device/ST/STM32F0xx/Include -I../Drivers/CMSIS/Include -O0 -ffunction-sections -fdata-sections -Wall -fstack-usage -MMD -MP -MF"Core/Src/main.d" -MT"Core/Src/main.o" --specs=nano.specs -mfloat-abi=soft -mthumb -o "Core/Src/main.o"
arm-none-eabi-gcc -o "EEE3096S_2022_Prac_2_Delays_and_I2C_Student_Version.elf" @"objects.list"   -mcpu=cortex-m0 -T"C:\Users\fynn\Documents\Varsity Docs\2022\2nd Semester\EEE3096S\Pracs\EEE3096S_2022_Prac_2_Delays_and_I2C_Student_Version\STM32F051R8TX_FLASH.ld" --specs=nosys.specs -Wl,-Map="EEE3096S_2022_Prac_2_Delays_and_I2C_Student_Version.map" -Wl,--gc-sections -static --specs=nano.specs -mfloat-abi=soft -mthumb -Wl,--start-group -lc -lm -Wl,--end-group
Finished building target: EEE3096S_2022_Prac_2_Delays_and_I2C_Student_Version.elf
 
arm-none-eabi-size   EEE3096S_2022_Prac_2_Delays_and_I2C_Student_Version.elf 
arm-none-eabi-objdump -h -S  EEE3096S_2022_Prac_2_Delays_and_I2C_Student_Version.elf  > "EEE3096S_2022_Prac_2_Delays_and_I2C_Student_Version.list"
   text	   data	    bss	    dec	    hex	filename
  18012	    120	   1936	  20068	   4e64	EEE3096S_2022_Prac_2_Delays_and_I2C_Student_Version.elf
Finished building: default.size.stdout
 
Finished building: EEE3096S_2022_Prac_2_Delays_and_I2C_Student_Version.list
 

16:01:48 Build Finished. 0 errors, 0 warnings. (took 1s.705ms)

