16:51:36 **** Incremental Build of configuration Debug for project EEE3096S_2022_Prac_2_Delays_and_I2C ****
make -j8 all 
arm-none-eabi-size   EEE3096S_2022_Prac_2_Delays_and_I2C.elf 
   text	   data	    bss	    dec	    hex	filename
  19424	    120	   1936	  21480	   53e8	EEE3096S_2022_Prac_2_Delays_and_I2C.elf
Finished building: default.size.stdout
 
16:51:41 **** Incremental Build of configuration Debug for project EEE3096S_2022_Prac_2_Delays_and_I2C ****
make -j8 all 
arm-none-eabi-size   EEE3096S_2022_Prac_2_Delays_and_I2C.elf 
   text	   data	    bss	    dec	    hex	filename
  19424	    120	   1936	  21480	   53e8	EEE3096S_2022_Prac_2_Delays_and_I2C.elf
Finished building: default.size.stdout
 
16:52:50 **** Incremental Build of configuration Debug for project EEE3096S_2022_Prac_2_Delays_and_I2C ****
make -j8 all 
arm-none-eabi-gcc "../Core/Src/main.c" -mcpu=cortex-m0 -std=gnu11 -g3 -DDEBUG -DUSE_HAL_DRIVER -DSTM32F051x8 -c -I../Core/Inc -I../Drivers/STM32F0xx_HAL_Driver/Inc -I../Drivers/STM32F0xx_HAL_Driver/Inc/Legacy -I../Drivers/CMSIS/Device/ST/STM32F0xx/Include -I../Drivers/CMSIS/Include -O0 -ffunction-sections -fdata-sections -Wall -fstack-usage -MMD -MP -MF"Core/Src/main.d" -MT"Core/Src/main.o" --specs=nano.specs -mfloat-abi=soft -mthumb -o "Core/Src/main.o"
../Core/Src/main.c: In function 'main':
../Core/Src/main.c:156:21: warning: passing argument 2 of 'sprintf' makes pointer from integer without a cast [-Wint-conversion]
  156 |  sprintf("BCD: %b", decToBcd(val));
      |                     ^~~~~~~~~~~~~
      |                     |
      |                     uint8_t {aka unsigned char}
In file included from ../Core/Src/main.c:29:
c:\st\stm32cubeide_1.10.1\stm32cubeide\plugins\com.st.stm32cube.ide.mcu.externaltools.gnu-tools-for-stm32.10.3-2021.10.win32_1.0.0.202111181127\tools\arm-none-eabi\include\stdio.h:244:32: note: expected 'const char * restrict' but argument is of type 'uint8_t' {aka 'unsigned char'}
  244 | int sprintf (char *__restrict, const char *__restrict, ...)
      |                                ^
arm-none-eabi-gcc -o "EEE3096S_2022_Prac_2_Delays_and_I2C.elf" @"objects.list"   -mcpu=cortex-m0 -T"C:\Users\fynn\Documents\Varsity Docs\2022\2nd Semester\EEE3096S\Pracs\Prac2\EEE3096S_2022_Prac_2_Delays_and_I2C_Student_Version\STM32F051R8TX_FLASH.ld" --specs=nosys.specs -Wl,-Map="EEE3096S_2022_Prac_2_Delays_and_I2C.map" -Wl,--gc-sections -static --specs=nano.specs -mfloat-abi=soft -mthumb -Wl,--start-group -lc -lm -Wl,--end-group
Finished building target: EEE3096S_2022_Prac_2_Delays_and_I2C.elf
 
arm-none-eabi-size   EEE3096S_2022_Prac_2_Delays_and_I2C.elf 
arm-none-eabi-objdump -h -S  EEE3096S_2022_Prac_2_Delays_and_I2C.elf  > "EEE3096S_2022_Prac_2_Delays_and_I2C.list"
   text	   data	    bss	    dec	    hex	filename
  19424	    120	   1936	  21480	   53e8	EEE3096S_2022_Prac_2_Delays_and_I2C.elf
Finished building: default.size.stdout
 
Finished building: EEE3096S_2022_Prac_2_Delays_and_I2C.list
 
16:54:00 **** Incremental Build of configuration Debug for project EEE3096S_2022_Prac_2_Delays_and_I2C ****
make -j8 all 
arm-none-eabi-size   EEE3096S_2022_Prac_2_Delays_and_I2C.elf 
   text	   data	    bss	    dec	    hex	filename
  19424	    120	   1936	  21480	   53e8	EEE3096S_2022_Prac_2_Delays_and_I2C.elf
Finished building: default.size.stdout
 
16:55:08 **** Incremental Build of configuration Debug for project EEE3096S_2022_Prac_2_Delays_and_I2C ****
make -j8 all 
arm-none-eabi-size   EEE3096S_2022_Prac_2_Delays_and_I2C.elf 
   text	   data	    bss	    dec	    hex	filename
  19424	    120	   1936	  21480	   53e8	EEE3096S_2022_Prac_2_Delays_and_I2C.elf
Finished building: default.size.stdout
 
16:57:26 **** Incremental Build of configuration Debug for project EEE3096S_2022_Prac_2_Delays_and_I2C ****
make -j8 all 
arm-none-eabi-size   EEE3096S_2022_Prac_2_Delays_and_I2C.elf 
   text	   data	    bss	    dec	    hex	filename
  19424	    120	   1936	  21480	   53e8	EEE3096S_2022_Prac_2_Delays_and_I2C.elf
Finished building: default.size.stdout
 
16:58:48 **** Incremental Build of configuration Debug for project EEE3096S_2022_Prac_2_Delays_and_I2C ****
make -j8 all 
Error: Cannot find the specified linker script. Check the linker settings in the build configuration.
make: *** [makefile:87: fail-specified-linker-script-missing] Error 2
"make -j8 all" terminated with exit code 2. Build might be incomplete.
17:00:10 **** Incremental Build of configuration Debug for project EEE3096S_2022_Prac_2_Delays_and_I2C ****
make -j8 all 
arm-none-eabi-gcc -o "EEE3096S_2022_Prac_2_Delays_and_I2C.elf" @"objects.list"   -mcpu=cortex-m0 -T"C:\Users\fynn\Documents\Varsity Docs\2022\2nd Semester\EEE3096S\Pracs\Prac2\EEE3096S_2022_Prac_2_Delays_and_I2C_Student_Version\STM32F051R8TX_FLASH.ld" --specs=nosys.specs -Wl,-Map="EEE3096S_2022_Prac_2_Delays_and_I2C.map" -Wl,--gc-sections -static --specs=nano.specs -mfloat-abi=soft -mthumb -Wl,--start-group -lc -lm -Wl,--end-group
Finished building target: EEE3096S_2022_Prac_2_Delays_and_I2C.elf
 
arm-none-eabi-size   EEE3096S_2022_Prac_2_Delays_and_I2C.elf 
arm-none-eabi-objdump -h -S  EEE3096S_2022_Prac_2_Delays_and_I2C.elf  > "EEE3096S_2022_Prac_2_Delays_and_I2C.list"
   text	   data	    bss	    dec	    hex	filename
  19424	    120	   1936	  21480	   53e8	EEE3096S_2022_Prac_2_Delays_and_I2C.elf
Finished building: default.size.stdout
 
Finished building: EEE3096S_2022_Prac_2_Delays_and_I2C.list
 
17:00:44 **** Incremental Build of configuration Debug for project EEE3096S_2022_Prac_2_Delays_and_I2C ****
make -j8 all 
arm-none-eabi-gcc -o "EEE3096S_2022_Prac_2_Delays_and_I2C.elf" @"objects.list"   -mcpu=cortex-m0 -T"C:\Users\fynn\Documents\Varsity Docs\2022\2nd Semester\EEE3096S\Pracs\Prac2\EEE3096S_2022_Prac_2_Delays_and_I2C_Student_Version\STM32F051R8TX_FLASH.ld" --specs=nosys.specs -Wl,-Map="EEE3096S_2022_Prac_2_Delays_and_I2C.map" -Wl,--gc-sections -static --specs=nano.specs -mfloat-abi=soft -mthumb -Wl,--start-group -lc -lm -Wl,--end-group
Finished building target: EEE3096S_2022_Prac_2_Delays_and_I2C.elf
 
arm-none-eabi-size   EEE3096S_2022_Prac_2_Delays_and_I2C.elf 
arm-none-eabi-objdump -h -S  EEE3096S_2022_Prac_2_Delays_and_I2C.elf  > "EEE3096S_2022_Prac_2_Delays_and_I2C.list"
   text	   data	    bss	    dec	    hex	filename
  19424	    120	   1936	  21480	   53e8	EEE3096S_2022_Prac_2_Delays_and_I2C.elf
Finished building: default.size.stdout
 
Finished building: EEE3096S_2022_Prac_2_Delays_and_I2C.list
 
17:01:21 **** Incremental Build of configuration Debug for project EEE3096S_2022_Prac_2_Delays_and_I2C ****
make -j8 all 
arm-none-eabi-gcc "../Core/Src/main.c" -mcpu=cortex-m0 -std=gnu11 -g3 -DDEBUG -DUSE_HAL_DRIVER -DSTM32F051x8 -c -I../Core/Inc -I../Drivers/STM32F0xx_HAL_Driver/Inc -I../Drivers/STM32F0xx_HAL_Driver/Inc/Legacy -I../Drivers/CMSIS/Device/ST/STM32F0xx/Include -I../Drivers/CMSIS/Include -O0 -ffunction-sections -fdata-sections -Wall -fstack-usage -MMD -MP -MF"Core/Src/main.d" -MT"Core/Src/main.o" --specs=nano.specs -mfloat-abi=soft -mthumb -o "Core/Src/main.o"
../Core/Src/main.c: In function 'main':
../Core/Src/main.c:156:21: warning: passing argument 2 of 'sprintf' makes pointer from integer without a cast [-Wint-conversion]
  156 |  sprintf("BCD: %b", decToBcd(val));
      |                     ^~~~~~~~~~~~~
      |                     |
      |                     uint8_t {aka unsigned char}
In file included from ../Core/Src/main.c:29:
c:\st\stm32cubeide_1.10.1\stm32cubeide\plugins\com.st.stm32cube.ide.mcu.externaltools.gnu-tools-for-stm32.10.3-2021.10.win32_1.0.0.202111181127\tools\arm-none-eabi\include\stdio.h:244:32: note: expected 'const char * restrict' but argument is of type 'uint8_t' {aka 'unsigned char'}
  244 | int sprintf (char *__restrict, const char *__restrict, ...)
      |                                ^
arm-none-eabi-gcc -o "EEE3096S_2022_Prac_2_Delays_and_I2C.elf" @"objects.list"   -mcpu=cortex-m0 -T"C:\Users\fynn\Documents\Varsity Docs\2022\2nd Semester\EEE3096S\Pracs\Prac2\EEE3096S_2022_Prac_2_Delays_and_I2C_Student_Version\STM32F051R8TX_FLASH.ld" --specs=nosys.specs -Wl,-Map="EEE3096S_2022_Prac_2_Delays_and_I2C.map" -Wl,--gc-sections -static --specs=nano.specs -mfloat-abi=soft -mthumb -Wl,--start-group -lc -lm -Wl,--end-group
Finished building target: EEE3096S_2022_Prac_2_Delays_and_I2C.elf
 
arm-none-eabi-size   EEE3096S_2022_Prac_2_Delays_and_I2C.elf 
arm-none-eabi-objdump -h -S  EEE3096S_2022_Prac_2_Delays_and_I2C.elf  > "EEE3096S_2022_Prac_2_Delays_and_I2C.list"
   text	   data	    bss	    dec	    hex	filename
  19424	    120	   1936	  21480	   53e8	EEE3096S_2022_Prac_2_Delays_and_I2C.elf
Finished building: default.size.stdout
 
Finished building: EEE3096S_2022_Prac_2_Delays_and_I2C.list
 
17:02:57 **** Incremental Build of configuration Debug for project EEE3096S_2022_Prac_2_Delays_and_I2C ****
make -j8 all 
arm-none-eabi-size   EEE3096S_2022_Prac_2_Delays_and_I2C.elf 
   text	   data	    bss	    dec	    hex	filename
  19424	    120	   1936	  21480	   53e8	EEE3096S_2022_Prac_2_Delays_and_I2C.elf
Finished building: default.size.stdout
 
17:04:11 **** Build of configuration Debug for project EEE3096S_2022_Prac_3_ADCs_Interrupts_and_PWM_Student_Version ****
make -j8 all 
arm-none-eabi-size   EEE3096S_2022_Prac_3_ADCs_Interrupts_and_PWM_Student_Version.elf 
   text	   data	    bss	    dec	    hex	filename
  20416	    120	   2048	  22584	   5838	EEE3096S_2022_Prac_3_ADCs_Interrupts_and_PWM_Student_Version.elf
Finished building: default.size.stdout
 
17:04:45 **** Incremental Build of configuration Debug for project EEE3096S_2022_Prac_3_ADCs_Interrupts_and_PWM_Student_Version ****
make -j8 all 
arm-none-eabi-size   EEE3096S_2022_Prac_3_ADCs_Interrupts_and_PWM_Student_Version.elf 
   text	   data	    bss	    dec	    hex	filename
  20416	    120	   2048	  22584	   5838	EEE3096S_2022_Prac_3_ADCs_Interrupts_and_PWM_Student_Version.elf
Finished building: default.size.stdout
 
17:11:17 **** Incremental Build of configuration Debug for project EEE3096S_2022_Prac_3_ADCs_Interrupts_and_PWM_Student_Version ****
make -j8 all 
arm-none-eabi-size   EEE3096S_2022_Prac_3_ADCs_Interrupts_and_PWM_Student_Version.elf 
   text	   data	    bss	    dec	    hex	filename
  20416	    120	   2048	  22584	   5838	EEE3096S_2022_Prac_3_ADCs_Interrupts_and_PWM_Student_Version.elf
Finished building: default.size.stdout
 
17:13:04 **** Build of configuration Debug for project EEE3096S_2022_Prac_2_Delays_and_I2C ****
make -j8 all 
arm-none-eabi-size   EEE3096S_2022_Prac_2_Delays_and_I2C.elf 
   text	   data	    bss	    dec	    hex	filename
  19424	    120	   1936	  21480	   53e8	EEE3096S_2022_Prac_2_Delays_and_I2C.elf
Finished building: default.size.stdout
 
10:07:06 **** Clean-only build of configuration Debug for project EEE3096S_2022_Prac_4_PWM_DAC_Student_Version ****
make -j8 clean 
rm -rf ./Drivers/STM32F0xx_HAL_Driver/Src/stm32f0xx_hal.d ./Drivers/STM32F0xx_HAL_Driver/Src/stm32f0xx_hal.o ./Drivers/STM32F0xx_HAL_Driver/Src/stm32f0xx_hal.su ./Drivers/STM32F0xx_HAL_Driver/Src/stm32f0xx_hal_cortex.d ./Drivers/STM32F0xx_HAL_Driver/Src/stm32f0xx_hal_cortex.o ./Drivers/STM32F0xx_HAL_Driver/Src/stm32f0xx_hal_cortex.su ./Drivers/STM32F0xx_HAL_Driver/Src/stm32f0xx_hal_dma.d ./Drivers/STM32F0xx_HAL_Driver/Src/stm32f0xx_hal_dma.o ./Drivers/STM32F0xx_HAL_Driver/Src/stm32f0xx_hal_dma.su ./Drivers/STM32F0xx_HAL_Driver/Src/stm32f0xx_hal_exti.d ./Drivers/STM32F0xx_HAL_Driver/Src/stm32f0xx_hal_exti.o ./Drivers/STM32F0xx_HAL_Driver/Src/stm32f0xx_hal_exti.su ./Drivers/STM32F0xx_HAL_Driver/Src/stm32f0xx_hal_flash.d ./Drivers/STM32F0xx_HAL_Driver/Src/stm32f0xx_hal_flash.o ./Drivers/STM32F0xx_HAL_Driver/Src/stm32f0xx_hal_flash.su ./Drivers/STM32F0xx_HAL_Driver/Src/stm32f0xx_hal_flash_ex.d ./Drivers/STM32F0xx_HAL_Driver/Src/stm32f0xx_hal_flash_ex.o ./Drivers/STM32F0xx_HAL_Driver/Src/stm32f0xx_hal_flash_ex.su ./Drivers/STM32F0xx_HAL_Driver/Src/stm32f0xx_hal_gpio.d ./Drivers/STM32F0xx_HAL_Driver/Src/stm32f0xx_hal_gpio.o ./Drivers/STM32F0xx_HAL_Driver/Src/stm32f0xx_hal_gpio.su ./Drivers/STM32F0xx_HAL_Driver/Src/stm32f0xx_hal_i2c.d ./Drivers/STM32F0xx_HAL_Driver/Src/stm32f0xx_hal_i2c.o ./Drivers/STM32F0xx_HAL_Driver/Src/stm32f0xx_hal_i2c.su ./Drivers/STM32F0xx_HAL_Driver/Src/stm32f0xx_hal_i2c_ex.d ./Drivers/STM32F0xx_HAL_Driver/Src/stm32f0xx_hal_i2c_ex.o ./Drivers/STM32F0xx_HAL_Driver/Src/stm32f0xx_hal_i2c_ex.su ./Drivers/STM32F0xx_HAL_Driver/Src/stm32f0xx_hal_pwr.d ./Drivers/STM32F0xx_HAL_Driver/Src/stm32f0xx_hal_pwr.o ./Drivers/STM32F0xx_HAL_Driver/Src/stm32f0xx_hal_pwr.su ./Drivers/STM32F0xx_HAL_Driver/Src/stm32f0xx_hal_pwr_ex.d ./Drivers/STM32F0xx_HAL_Driver/Src/stm32f0xx_hal_pwr_ex.o ./Drivers/STM32F0xx_HAL_Driver/Src/stm32f0xx_hal_pwr_ex.su ./Drivers/STM32F0xx_HAL_Driver/Src/stm32f0xx_hal_rcc.d ./Drivers/STM32F0xx_HAL_Driver/Src/stm32f0xx_hal_rcc.o ./Drivers/STM32F0xx_HAL_Driver/Src/stm32f0xx_hal_rcc.su ./Drivers/STM32F0xx_HAL_Driver/Src/stm32f0xx_hal_rcc_ex.d ./Drivers/STM32F0xx_HAL_Driver/Src/stm32f0xx_hal_rcc_ex.o ./Drivers/STM32F0xx_HAL_Driver/Src/stm32f0xx_hal_rcc_ex.su ./Drivers/STM32F0xx_HAL_Driver/Src/stm32f0xx_hal_tim.d ./Drivers/STM32F0xx_HAL_Driver/Src/stm32f0xx_hal_tim.o ./Drivers/STM32F0xx_HAL_Driver/Src/stm32f0xx_hal_tim.su ./Drivers/STM32F0xx_HAL_Driver/Src/stm32f0xx_hal_tim_ex.d ./Drivers/STM32F0xx_HAL_Driver/Src/stm32f0xx_hal_tim_ex.o ./Drivers/STM32F0xx_HAL_Driver/Src/stm32f0xx_hal_tim_ex.su
rm -rf ./Core/Startup/startup_stm32f051r8tx.d ./Core/Startup/startup_stm32f051r8tx.o
rm -rf ./Core/Src/main.d ./Core/Src/main.o ./Core/Src/main.su ./Core/Src/stm32f0xx_hal_msp.d ./Core/Src/stm32f0xx_hal_msp.o ./Core/Src/stm32f0xx_hal_msp.su ./Core/Src/stm32f0xx_it.d ./Core/Src/stm32f0xx_it.o ./Core/Src/stm32f0xx_it.su ./Core/Src/syscalls.d ./Core/Src/syscalls.o ./Core/Src/syscalls.su ./Core/Src/sysmem.d ./Core/Src/sysmem.o ./Core/Src/sysmem.su ./Core/Src/system_stm32f0xx.d ./Core/Src/system_stm32f0xx.o ./Core/Src/system_stm32f0xx.su
rm -rf EEE3096S_2022_Prac_4_PWM_DAC_Student_Version.elf EEE3096S_2022_Prac_4_PWM_DAC_Student_Version.list EEE3096S_2022_Prac_4_PWM_DAC_Student_Version.map default.size.stdout
 
10:07:08 **** Build of configuration Debug for project EEE3096S_2022_Prac_4_PWM_DAC_Student_Version ****
make -j8 all 
arm-none-eabi-gcc "../Drivers/STM32F0xx_HAL_Driver/Src/stm32f0xx_hal.c" -mcpu=cortex-m0 -std=gnu11 -g3 -DDEBUG -DUSE_HAL_DRIVER -DSTM32F051x8 -c -I../Core/Inc -I../Drivers/STM32F0xx_HAL_Driver/Inc -I../Drivers/STM32F0xx_HAL_Driver/Inc/Legacy -I../Drivers/CMSIS/Device/ST/STM32F0xx/Include -I../Drivers/CMSIS/Include -O0 -ffunction-sections -fdata-sections -Wall -fstack-usage -MMD -MP -MF"Drivers/STM32F0xx_HAL_Driver/Src/stm32f0xx_hal.d" -MT"Drivers/STM32F0xx_HAL_Driver/Src/stm32f0xx_hal.o" --specs=nano.specs -mfloat-abi=soft -mthumb -o "Drivers/STM32F0xx_HAL_Driver/Src/stm32f0xx_hal.o"
arm-none-eabi-gcc "../Drivers/STM32F0xx_HAL_Driver/Src/stm32f0xx_hal_cortex.c" -mcpu=cortex-m0 -std=gnu11 -g3 -DDEBUG -DUSE_HAL_DRIVER -DSTM32F051x8 -c -I../Core/Inc -I../Drivers/STM32F0xx_HAL_Driver/Inc -I../Drivers/STM32F0xx_HAL_Driver/Inc/Legacy -I../Drivers/CMSIS/Device/ST/STM32F0xx/Include -I../Drivers/CMSIS/Include -O0 -ffunction-sections -fdata-sections -Wall -fstack-usage -MMD -MP -MF"Drivers/STM32F0xx_HAL_Driver/Src/stm32f0xx_hal_cortex.d" -MT"Drivers/STM32F0xx_HAL_Driver/Src/stm32f0xx_hal_cortex.o" --specs=nano.specs -mfloat-abi=soft -mthumb -o "Drivers/STM32F0xx_HAL_Driver/Src/stm32f0xx_hal_cortex.o"
arm-none-eabi-gcc "../Drivers/STM32F0xx_HAL_Driver/Src/stm32f0xx_hal_dma.c" -mcpu=cortex-m0 -std=gnu11 -g3 -DDEBUG -DUSE_HAL_DRIVER -DSTM32F051x8 -c -I../Core/Inc -I../Drivers/STM32F0xx_HAL_Driver/Inc -I../Drivers/STM32F0xx_HAL_Driver/Inc/Legacy -I../Drivers/CMSIS/Device/ST/STM32F0xx/Include -I../Drivers/CMSIS/Include -O0 -ffunction-sections -fdata-sections -Wall -fstack-usage -MMD -MP -MF"Drivers/STM32F0xx_HAL_Driver/Src/stm32f0xx_hal_dma.d" -MT"Drivers/STM32F0xx_HAL_Driver/Src/stm32f0xx_hal_dma.o" --specs=nano.specs -mfloat-abi=soft -mthumb -o "Drivers/STM32F0xx_HAL_Driver/Src/stm32f0xx_hal_dma.o"
arm-none-eabi-gcc "../Drivers/STM32F0xx_HAL_Driver/Src/stm32f0xx_hal_exti.c" -mcpu=cortex-m0 -std=gnu11 -g3 -DDEBUG -DUSE_HAL_DRIVER -DSTM32F051x8 -c -I../Core/Inc -I../Drivers/STM32F0xx_HAL_Driver/Inc -I../Drivers/STM32F0xx_HAL_Driver/Inc/Legacy -I../Drivers/CMSIS/Device/ST/STM32F0xx/Include -I../Drivers/CMSIS/Include -O0 -ffunction-sections -fdata-sections -Wall -fstack-usage -MMD -MP -MF"Drivers/STM32F0xx_HAL_Driver/Src/stm32f0xx_hal_exti.d" -MT"Drivers/STM32F0xx_HAL_Driver/Src/stm32f0xx_hal_exti.o" --specs=nano.specs -mfloat-abi=soft -mthumb -o "Drivers/STM32F0xx_HAL_Driver/Src/stm32f0xx_hal_exti.o"
arm-none-eabi-gcc "../Drivers/STM32F0xx_HAL_Driver/Src/stm32f0xx_hal_flash.c" -mcpu=cortex-m0 -std=gnu11 -g3 -DDEBUG -DUSE_HAL_DRIVER -DSTM32F051x8 -c -I../Core/Inc -I../Drivers/STM32F0xx_HAL_Driver/Inc -I../Drivers/STM32F0xx_HAL_Driver/Inc/Legacy -I../Drivers/CMSIS/Device/ST/STM32F0xx/Include -I../Drivers/CMSIS/Include -O0 -ffunction-sections -fdata-sections -Wall -fstack-usage -MMD -MP -MF"Drivers/STM32F0xx_HAL_Driver/Src/stm32f0xx_hal_flash.d" -MT"Drivers/STM32F0xx_HAL_Driver/Src/stm32f0xx_hal_flash.o" --specs=nano.specs -mfloat-abi=soft -mthumb -o "Drivers/STM32F0xx_HAL_Driver/Src/stm32f0xx_hal_flash.o"
arm-none-eabi-gcc "../Drivers/STM32F0xx_HAL_Driver/Src/stm32f0xx_hal_flash_ex.c" -mcpu=cortex-m0 -std=gnu11 -g3 -DDEBUG -DUSE_HAL_DRIVER -DSTM32F051x8 -c -I../Core/Inc -I../Drivers/STM32F0xx_HAL_Driver/Inc -I../Drivers/STM32F0xx_HAL_Driver/Inc/Legacy -I../Drivers/CMSIS/Device/ST/STM32F0xx/Include -I../Drivers/CMSIS/Include -O0 -ffunction-sections -fdata-sections -Wall -fstack-usage -MMD -MP -MF"Drivers/STM32F0xx_HAL_Driver/Src/stm32f0xx_hal_flash_ex.d" -MT"Drivers/STM32F0xx_HAL_Driver/Src/stm32f0xx_hal_flash_ex.o" --specs=nano.specs -mfloat-abi=soft -mthumb -o "Drivers/STM32F0xx_HAL_Driver/Src/stm32f0xx_hal_flash_ex.o"
arm-none-eabi-gcc "../Drivers/STM32F0xx_HAL_Driver/Src/stm32f0xx_hal_gpio.c" -mcpu=cortex-m0 -std=gnu11 -g3 -DDEBUG -DUSE_HAL_DRIVER -DSTM32F051x8 -c -I../Core/Inc -I../Drivers/STM32F0xx_HAL_Driver/Inc -I../Drivers/STM32F0xx_HAL_Driver/Inc/Legacy -I../Drivers/CMSIS/Device/ST/STM32F0xx/Include -I../Drivers/CMSIS/Include -O0 -ffunction-sections -fdata-sections -Wall -fstack-usage -MMD -MP -MF"Drivers/STM32F0xx_HAL_Driver/Src/stm32f0xx_hal_gpio.d" -MT"Drivers/STM32F0xx_HAL_Driver/Src/stm32f0xx_hal_gpio.o" --specs=nano.specs -mfloat-abi=soft -mthumb -o "Drivers/STM32F0xx_HAL_Driver/Src/stm32f0xx_hal_gpio.o"
arm-none-eabi-gcc "../Drivers/STM32F0xx_HAL_Driver/Src/stm32f0xx_hal_i2c.c" -mcpu=cortex-m0 -std=gnu11 -g3 -DDEBUG -DUSE_HAL_DRIVER -DSTM32F051x8 -c -I../Core/Inc -I../Drivers/STM32F0xx_HAL_Driver/Inc -I../Drivers/STM32F0xx_HAL_Driver/Inc/Legacy -I../Drivers/CMSIS/Device/ST/STM32F0xx/Include -I../Drivers/CMSIS/Include -O0 -ffunction-sections -fdata-sections -Wall -fstack-usage -MMD -MP -MF"Drivers/STM32F0xx_HAL_Driver/Src/stm32f0xx_hal_i2c.d" -MT"Drivers/STM32F0xx_HAL_Driver/Src/stm32f0xx_hal_i2c.o" --specs=nano.specs -mfloat-abi=soft -mthumb -o "Drivers/STM32F0xx_HAL_Driver/Src/stm32f0xx_hal_i2c.o"
arm-none-eabi-gcc "../Drivers/STM32F0xx_HAL_Driver/Src/stm32f0xx_hal_i2c_ex.c" -mcpu=cortex-m0 -std=gnu11 -g3 -DDEBUG -DUSE_HAL_DRIVER -DSTM32F051x8 -c -I../Core/Inc -I../Drivers/STM32F0xx_HAL_Driver/Inc -I../Drivers/STM32F0xx_HAL_Driver/Inc/Legacy -I../Drivers/CMSIS/Device/ST/STM32F0xx/Include -I../Drivers/CMSIS/Include -O0 -ffunction-sections -fdata-sections -Wall -fstack-usage -MMD -MP -MF"Drivers/STM32F0xx_HAL_Driver/Src/stm32f0xx_hal_i2c_ex.d" -MT"Drivers/STM32F0xx_HAL_Driver/Src/stm32f0xx_hal_i2c_ex.o" --specs=nano.specs -mfloat-abi=soft -mthumb -o "Drivers/STM32F0xx_HAL_Driver/Src/stm32f0xx_hal_i2c_ex.o"
arm-none-eabi-gcc "../Drivers/STM32F0xx_HAL_Driver/Src/stm32f0xx_hal_pwr.c" -mcpu=cortex-m0 -std=gnu11 -g3 -DDEBUG -DUSE_HAL_DRIVER -DSTM32F051x8 -c -I../Core/Inc -I../Drivers/STM32F0xx_HAL_Driver/Inc -I../Drivers/STM32F0xx_HAL_Driver/Inc/Legacy -I../Drivers/CMSIS/Device/ST/STM32F0xx/Include -I../Drivers/CMSIS/Include -O0 -ffunction-sections -fdata-sections -Wall -fstack-usage -MMD -MP -MF"Drivers/STM32F0xx_HAL_Driver/Src/stm32f0xx_hal_pwr.d" -MT"Drivers/STM32F0xx_HAL_Driver/Src/stm32f0xx_hal_pwr.o" --specs=nano.specs -mfloat-abi=soft -mthumb -o "Drivers/STM32F0xx_HAL_Driver/Src/stm32f0xx_hal_pwr.o"
arm-none-eabi-gcc "../Drivers/STM32F0xx_HAL_Driver/Src/stm32f0xx_hal_pwr_ex.c" -mcpu=cortex-m0 -std=gnu11 -g3 -DDEBUG -DUSE_HAL_DRIVER -DSTM32F051x8 -c -I../Core/Inc -I../Drivers/STM32F0xx_HAL_Driver/Inc -I../Drivers/STM32F0xx_HAL_Driver/Inc/Legacy -I../Drivers/CMSIS/Device/ST/STM32F0xx/Include -I../Drivers/CMSIS/Include -O0 -ffunction-sections -fdata-sections -Wall -fstack-usage -MMD -MP -MF"Drivers/STM32F0xx_HAL_Driver/Src/stm32f0xx_hal_pwr_ex.d" -MT"Drivers/STM32F0xx_HAL_Driver/Src/stm32f0xx_hal_pwr_ex.o" --specs=nano.specs -mfloat-abi=soft -mthumb -o "Drivers/STM32F0xx_HAL_Driver/Src/stm32f0xx_hal_pwr_ex.o"
arm-none-eabi-gcc "../Drivers/STM32F0xx_HAL_Driver/Src/stm32f0xx_hal_rcc.c" -mcpu=cortex-m0 -std=gnu11 -g3 -DDEBUG -DUSE_HAL_DRIVER -DSTM32F051x8 -c -I../Core/Inc -I../Drivers/STM32F0xx_HAL_Driver/Inc -I../Drivers/STM32F0xx_HAL_Driver/Inc/Legacy -I../Drivers/CMSIS/Device/ST/STM32F0xx/Include -I../Drivers/CMSIS/Include -O0 -ffunction-sections -fdata-sections -Wall -fstack-usage -MMD -MP -MF"Drivers/STM32F0xx_HAL_Driver/Src/stm32f0xx_hal_rcc.d" -MT"Drivers/STM32F0xx_HAL_Driver/Src/stm32f0xx_hal_rcc.o" --specs=nano.specs -mfloat-abi=soft -mthumb -o "Drivers/STM32F0xx_HAL_Driver/Src/stm32f0xx_hal_rcc.o"
arm-none-eabi-gcc "../Drivers/STM32F0xx_HAL_Driver/Src/stm32f0xx_hal_rcc_ex.c" -mcpu=cortex-m0 -std=gnu11 -g3 -DDEBUG -DUSE_HAL_DRIVER -DSTM32F051x8 -c -I../Core/Inc -I../Drivers/STM32F0xx_HAL_Driver/Inc -I../Drivers/STM32F0xx_HAL_Driver/Inc/Legacy -I../Drivers/CMSIS/Device/ST/STM32F0xx/Include -I../Drivers/CMSIS/Include -O0 -ffunction-sections -fdata-sections -Wall -fstack-usage -MMD -MP -MF"Drivers/STM32F0xx_HAL_Driver/Src/stm32f0xx_hal_rcc_ex.d" -MT"Drivers/STM32F0xx_HAL_Driver/Src/stm32f0xx_hal_rcc_ex.o" --specs=nano.specs -mfloat-abi=soft -mthumb -o "Drivers/STM32F0xx_HAL_Driver/Src/stm32f0xx_hal_rcc_ex.o"
arm-none-eabi-gcc "../Drivers/STM32F0xx_HAL_Driver/Src/stm32f0xx_hal_tim.c" -mcpu=cortex-m0 -std=gnu11 -g3 -DDEBUG -DUSE_HAL_DRIVER -DSTM32F051x8 -c -I../Core/Inc -I../Drivers/STM32F0xx_HAL_Driver/Inc -I../Drivers/STM32F0xx_HAL_Driver/Inc/Legacy -I../Drivers/CMSIS/Device/ST/STM32F0xx/Include -I../Drivers/CMSIS/Include -O0 -ffunction-sections -fdata-sections -Wall -fstack-usage -MMD -MP -MF"Drivers/STM32F0xx_HAL_Driver/Src/stm32f0xx_hal_tim.d" -MT"Drivers/STM32F0xx_HAL_Driver/Src/stm32f0xx_hal_tim.o" --specs=nano.specs -mfloat-abi=soft -mthumb -o "Drivers/STM32F0xx_HAL_Driver/Src/stm32f0xx_hal_tim.o"
arm-none-eabi-gcc "../Drivers/STM32F0xx_HAL_Driver/Src/stm32f0xx_hal_tim_ex.c" -mcpu=cortex-m0 -std=gnu11 -g3 -DDEBUG -DUSE_HAL_DRIVER -DSTM32F051x8 -c -I../Core/Inc -I../Drivers/STM32F0xx_HAL_Driver/Inc -I../Drivers/STM32F0xx_HAL_Driver/Inc/Legacy -I../Drivers/CMSIS/Device/ST/STM32F0xx/Include -I../Drivers/CMSIS/Include -O0 -ffunction-sections -fdata-sections -Wall -fstack-usage -MMD -MP -MF"Drivers/STM32F0xx_HAL_Driver/Src/stm32f0xx_hal_tim_ex.d" -MT"Drivers/STM32F0xx_HAL_Driver/Src/stm32f0xx_hal_tim_ex.o" --specs=nano.specs -mfloat-abi=soft -mthumb -o "Drivers/STM32F0xx_HAL_Driver/Src/stm32f0xx_hal_tim_ex.o"
arm-none-eabi-gcc -mcpu=cortex-m0 -g3 -DDEBUG -c -x assembler-with-cpp -MMD -MP -MF"Core/Startup/startup_stm32f051r8tx.d" -MT"Core/Startup/startup_stm32f051r8tx.o" --specs=nano.specs -mfloat-abi=soft -mthumb -o "Core/Startup/startup_stm32f051r8tx.o" "../Core/Startup/startup_stm32f051r8tx.s"
arm-none-eabi-gcc "../Core/Src/main.c" -mcpu=cortex-m0 -std=gnu11 -g3 -DDEBUG -DUSE_HAL_DRIVER -DSTM32F051x8 -c -I../Core/Inc -I../Drivers/STM32F0xx_HAL_Driver/Inc -I../Drivers/STM32F0xx_HAL_Driver/Inc/Legacy -I../Drivers/CMSIS/Device/ST/STM32F0xx/Include -I../Drivers/CMSIS/Include -O0 -ffunction-sections -fdata-sections -Wall -fstack-usage -MMD -MP -MF"Core/Src/main.d" -MT"Core/Src/main.o" --specs=nano.specs -mfloat-abi=soft -mthumb -o "Core/Src/main.o"
arm-none-eabi-gcc "../Core/Src/stm32f0xx_hal_msp.c" -mcpu=cortex-m0 -std=gnu11 -g3 -DDEBUG -DUSE_HAL_DRIVER -DSTM32F051x8 -c -I../Core/Inc -I../Drivers/STM32F0xx_HAL_Driver/Inc -I../Drivers/STM32F0xx_HAL_Driver/Inc/Legacy -I../Drivers/CMSIS/Device/ST/STM32F0xx/Include -I../Drivers/CMSIS/Include -O0 -ffunction-sections -fdata-sections -Wall -fstack-usage -MMD -MP -MF"Core/Src/stm32f0xx_hal_msp.d" -MT"Core/Src/stm32f0xx_hal_msp.o" --specs=nano.specs -mfloat-abi=soft -mthumb -o "Core/Src/stm32f0xx_hal_msp.o"
arm-none-eabi-gcc "../Core/Src/stm32f0xx_it.c" -mcpu=cortex-m0 -std=gnu11 -g3 -DDEBUG -DUSE_HAL_DRIVER -DSTM32F051x8 -c -I../Core/Inc -I../Drivers/STM32F0xx_HAL_Driver/Inc -I../Drivers/STM32F0xx_HAL_Driver/Inc/Legacy -I../Drivers/CMSIS/Device/ST/STM32F0xx/Include -I../Drivers/CMSIS/Include -O0 -ffunction-sections -fdata-sections -Wall -fstack-usage -MMD -MP -MF"Core/Src/stm32f0xx_it.d" -MT"Core/Src/stm32f0xx_it.o" --specs=nano.specs -mfloat-abi=soft -mthumb -o "Core/Src/stm32f0xx_it.o"
arm-none-eabi-gcc "../Core/Src/syscalls.c" -mcpu=cortex-m0 -std=gnu11 -g3 -DDEBUG -DUSE_HAL_DRIVER -DSTM32F051x8 -c -I../Core/Inc -I../Drivers/STM32F0xx_HAL_Driver/Inc -I../Drivers/STM32F0xx_HAL_Driver/Inc/Legacy -I../Drivers/CMSIS/Device/ST/STM32F0xx/Include -I../Drivers/CMSIS/Include -O0 -ffunction-sections -fdata-sections -Wall -fstack-usage -MMD -MP -MF"Core/Src/syscalls.d" -MT"Core/Src/syscalls.o" --specs=nano.specs -mfloat-abi=soft -mthumb -o "Core/Src/syscalls.o"
arm-none-eabi-gcc "../Core/Src/sysmem.c" -mcpu=cortex-m0 -std=gnu11 -g3 -DDEBUG -DUSE_HAL_DRIVER -DSTM32F051x8 -c -I../Core/Inc -I../Drivers/STM32F0xx_HAL_Driver/Inc -I../Drivers/STM32F0xx_HAL_Driver/Inc/Legacy -I../Drivers/CMSIS/Device/ST/STM32F0xx/Include -I../Drivers/CMSIS/Include -O0 -ffunction-sections -fdata-sections -Wall -fstack-usage -MMD -MP -MF"Core/Src/sysmem.d" -MT"Core/Src/sysmem.o" --specs=nano.specs -mfloat-abi=soft -mthumb -o "Core/Src/sysmem.o"
arm-none-eabi-gcc "../Core/Src/system_stm32f0xx.c" -mcpu=cortex-m0 -std=gnu11 -g3 -DDEBUG -DUSE_HAL_DRIVER -DSTM32F051x8 -c -I../Core/Inc -I../Drivers/STM32F0xx_HAL_Driver/Inc -I../Drivers/STM32F0xx_HAL_Driver/Inc/Legacy -I../Drivers/CMSIS/Device/ST/STM32F0xx/Include -I../Drivers/CMSIS/Include -O0 -ffunction-sections -fdata-sections -Wall -fstack-usage -MMD -MP -MF"Core/Src/system_stm32f0xx.d" -MT"Core/Src/system_stm32f0xx.o" --specs=nano.specs -mfloat-abi=soft -mthumb -o "Core/Src/system_stm32f0xx.o"
../Core/Src/main.c: In function 'main':
../Core/Src/main.c:4125:36: warning: passing argument 2 of 'HAL_DMA_Start_IT' makes integer from pointer without a cast [-Wint-conversion]
 4125 |   HAL_DMA_Start_IT(&hdma_tim2_ch1, &sin_LUT, DstAddress, NS)
      |                                    ^~~~~~~~
      |                                    |
      |                                    uint32_t (*)[128] {aka long unsigned int (*)[128]}
In file included from ../Core/Inc/stm32f0xx_hal_conf.h:205,
                 from ../Drivers/STM32F0xx_HAL_Driver/Inc/stm32f0xx_hal.h:30,
                 from ../Core/Inc/main.h:30,
                 from ../Core/Src/main.c:14:
../Drivers/STM32F0xx_HAL_Driver/Inc/stm32f0xx_hal_dma.h:455:70: note: expected 'uint32_t' {aka 'long unsigned int'} but argument is of type 'uint32_t (*)[128]' {aka 'long unsigned int (*)[128]'}
  455 | HAL_StatusTypeDef HAL_DMA_Start_IT(DMA_HandleTypeDef *hdma, uint32_t SrcAddress, uint32_t DstAddress, uint32_t DataLength);
      |                                                             ~~~~~~~~~^~~~~~~~~~
In file included from ../Core/Inc/stm32f0xx_hal_conf.h:281,
                 from ../Drivers/STM32F0xx_HAL_Driver/Inc/stm32f0xx_hal.h:30,
                 from ../Core/Inc/main.h:30,
                 from ../Core/Src/main.c:14:
../Drivers/STM32F0xx_HAL_Driver/Inc/stm32f0xx_hal_tim.h:1162:72: error: invalid type argument of '->' (have 'TIM_HandleTypeDef')
 1162 | #define __HAL_TIM_ENABLE_DMA(__HANDLE__, __DMA__)         ((__HANDLE__)->Instance->DIER |= (__DMA__))
      |                                                                        ^~
../Core/Src/main.c:4127:3: note: in expansion of macro '__HAL_TIM_ENABLE_DMA'
 4127 |   __HAL_TIM_ENABLE_DMA(htim2, TIM_DMA_CC1);
      |   ^~~~~~~~~~~~~~~~~~~~
../Core/Src/main.c:4125:3: error: called object is not a function or function pointer
 4125 |   HAL_DMA_Start_IT(&hdma_tim2_ch1, &sin_LUT, DstAddress, NS)
      |   ^~~~~~~~~~~~~~~~
In file included from ../Core/Inc/stm32f0xx_hal_conf.h:281,
                 from ../Drivers/STM32F0xx_HAL_Driver/Inc/stm32f0xx_hal.h:30,
                 from ../Core/Inc/main.h:30,
                 from ../Core/Src/main.c:14:
../Core/Src/main.c: In function 'EXTI0_1_IRQHandler':
../Drivers/STM32F0xx_HAL_Driver/Inc/stm32f0xx_hal_tim.h:1177:72: error: invalid type argument of '->' (have 'TIM_HandleTypeDef')
 1177 | #define __HAL_TIM_DISABLE_DMA(__HANDLE__, __DMA__)        ((__HANDLE__)->Instance->DIER &= ~(__DMA__))
      |                                                                        ^~
../Core/Src/main.c:4367:3: note: in expansion of macro '__HAL_TIM_DISABLE_DMA'
 4367 |   __HAL_TIM_DISABLE_DMA(htim2, TIM_DMA_CC1);
      |   ^~~~~~~~~~~~~~~~~~~~~
../Core/Src/main.c:4369:47: error: 'DstAddress' undeclared (first use in this function)
 4369 |    HAL_DMA_Start_IT(&hdma_tim2_ch1, &sin_LUT, DstAddress, NS);
      |                                               ^~~~~~~~~~
../Core/Src/main.c:4369:47: note: each undeclared identifier is reported only once for each function it appears in
../Core/Src/main.c:4369:37: warning: passing argument 2 of 'HAL_DMA_Start_IT' makes integer from pointer without a cast [-Wint-conversion]
 4369 |    HAL_DMA_Start_IT(&hdma_tim2_ch1, &sin_LUT, DstAddress, NS);
      |                                     ^~~~~~~~
      |                                     |
      |                                     uint32_t (*)[128] {aka long unsigned int (*)[128]}
In file included from ../Core/Inc/stm32f0xx_hal_conf.h:205,
                 from ../Drivers/STM32F0xx_HAL_Driver/Inc/stm32f0xx_hal.h:30,
                 from ../Core/Inc/main.h:30,
                 from ../Core/Src/main.c:14:
../Drivers/STM32F0xx_HAL_Driver/Inc/stm32f0xx_hal_dma.h:455:70: note: expected 'uint32_t' {aka 'long unsigned int'} but argument is of type 'uint32_t (*)[128]' {aka 'long unsigned int (*)[128]'}
  455 | HAL_StatusTypeDef HAL_DMA_Start_IT(DMA_HandleTypeDef *hdma, uint32_t SrcAddress, uint32_t DstAddress, uint32_t DataLength);
      |                                                             ~~~~~~~~~^~~~~~~~~~
../Core/Src/main.c:4371:37: warning: passing argument 2 of 'HAL_DMA_Start_IT' makes integer from pointer without a cast [-Wint-conversion]
 4371 |    HAL_DMA_Start_IT(&hdma_tim2_ch1, &triangle_LUT, DstAddress, NS);
      |                                     ^~~~~~~~~~~~~
      |                                     |
      |                                     uint32_t (*)[128] {aka long unsigned int (*)[128]}
In file included from ../Core/Inc/stm32f0xx_hal_conf.h:205,
                 from ../Drivers/STM32F0xx_HAL_Driver/Inc/stm32f0xx_hal.h:30,
                 from ../Core/Inc/main.h:30,
                 from ../Core/Src/main.c:14:
../Drivers/STM32F0xx_HAL_Driver/Inc/stm32f0xx_hal_dma.h:455:70: note: expected 'uint32_t' {aka 'long unsigned int'} but argument is of type 'uint32_t (*)[128]' {aka 'long unsigned int (*)[128]'}
  455 | HAL_StatusTypeDef HAL_DMA_Start_IT(DMA_HandleTypeDef *hdma, uint32_t SrcAddress, uint32_t DstAddress, uint32_t DataLength);
      |                                                             ~~~~~~~~~^~~~~~~~~~
../Core/Src/main.c:4373:37: warning: passing argument 2 of 'HAL_DMA_Start_IT' makes integer from pointer without a cast [-Wint-conversion]
 4373 |    HAL_DMA_Start_IT(&hdma_tim2_ch1, &saw_LUT, DstAddress, NS);
      |                                     ^~~~~~~~
      |                                     |
      |                                     uint32_t (*)[128] {aka long unsigned int (*)[128]}
In file included from ../Core/Inc/stm32f0xx_hal_conf.h:205,
                 from ../Drivers/STM32F0xx_HAL_Driver/Inc/stm32f0xx_hal.h:30,
                 from ../Core/Inc/main.h:30,
                 from ../Core/Src/main.c:14:
../Drivers/STM32F0xx_HAL_Driver/Inc/stm32f0xx_hal_dma.h:455:70: note: expected 'uint32_t' {aka 'long unsigned int'} but argument is of type 'uint32_t (*)[128]' {aka 'long unsigned int (*)[128]'}
  455 | HAL_StatusTypeDef HAL_DMA_Start_IT(DMA_HandleTypeDef *hdma, uint32_t SrcAddress, uint32_t DstAddress, uint32_t DataLength);
      |                                                             ~~~~~~~~~^~~~~~~~~~
make: *** [Core/Src/subdir.mk:34: Core/Src/main.o] Error 1
make: *** Waiting for unfinished jobs....
"make -j8 all" terminated with exit code 2. Build might be incomplete.
10:11:10 **** Incremental Build of configuration Debug for project EEE3096S_2022_Prac_4_PWM_DAC_Student_Version ****
make -j8 all 
arm-none-eabi-gcc "../Core/Src/main.c" -mcpu=cortex-m0 -std=gnu11 -g3 -DDEBUG -DUSE_HAL_DRIVER -DSTM32F051x8 -c -I../Core/Inc -I../Drivers/STM32F0xx_HAL_Driver/Inc -I../Drivers/STM32F0xx_HAL_Driver/Inc/Legacy -I../Drivers/CMSIS/Device/ST/STM32F0xx/Include -I../Drivers/CMSIS/Include -O0 -ffunction-sections -fdata-sections -Wall -fstack-usage -MMD -MP -MF"Core/Src/main.d" -MT"Core/Src/main.o" --specs=nano.specs -mfloat-abi=soft -mthumb -o "Core/Src/main.o"
../Core/Src/main.c: In function 'main':
../Core/Src/main.c:4125:36: warning: passing argument 2 of 'HAL_DMA_Start_IT' makes integer from pointer without a cast [-Wint-conversion]
 4125 |   HAL_DMA_Start_IT(&hdma_tim2_ch1, &sin_LUT, DstAddress, NS);
      |                                    ^~~~~~~~
      |                                    |
      |                                    uint32_t (*)[128] {aka long unsigned int (*)[128]}
In file included from ../Core/Inc/stm32f0xx_hal_conf.h:205,
                 from ../Drivers/STM32F0xx_HAL_Driver/Inc/stm32f0xx_hal.h:30,
                 from ../Core/Inc/main.h:30,
                 from ../Core/Src/main.c:14:
../Drivers/STM32F0xx_HAL_Driver/Inc/stm32f0xx_hal_dma.h:455:70: note: expected 'uint32_t' {aka 'long unsigned int'} but argument is of type 'uint32_t (*)[128]' {aka 'long unsigned int (*)[128]'}
  455 | HAL_StatusTypeDef HAL_DMA_Start_IT(DMA_HandleTypeDef *hdma, uint32_t SrcAddress, uint32_t DstAddress, uint32_t DataLength);
      |                                                             ~~~~~~~~~^~~~~~~~~~
In file included from ../Core/Inc/stm32f0xx_hal_conf.h:281,
                 from ../Drivers/STM32F0xx_HAL_Driver/Inc/stm32f0xx_hal.h:30,
                 from ../Core/Inc/main.h:30,
                 from ../Core/Src/main.c:14:
../Drivers/STM32F0xx_HAL_Driver/Inc/stm32f0xx_hal_tim.h:1162:72: error: invalid type argument of '->' (have 'TIM_HandleTypeDef')
 1162 | #define __HAL_TIM_ENABLE_DMA(__HANDLE__, __DMA__)         ((__HANDLE__)->Instance->DIER |= (__DMA__))
      |                                                                        ^~
../Core/Src/main.c:4127:3: note: in expansion of macro '__HAL_TIM_ENABLE_DMA'
 4127 |   __HAL_TIM_ENABLE_DMA(htim2, TIM_DMA_CC1);
      |   ^~~~~~~~~~~~~~~~~~~~
../Core/Src/main.c: In function 'EXTI0_1_IRQHandler':
../Drivers/STM32F0xx_HAL_Driver/Inc/stm32f0xx_hal_tim.h:1177:72: error: invalid type argument of '->' (have 'TIM_HandleTypeDef')
 1177 | #define __HAL_TIM_DISABLE_DMA(__HANDLE__, __DMA__)        ((__HANDLE__)->Instance->DIER &= ~(__DMA__))
      |                                                                        ^~
../Core/Src/main.c:4368:3: note: in expansion of macro '__HAL_TIM_DISABLE_DMA'
 4368 |   __HAL_TIM_DISABLE_DMA(htim2, TIM_DMA_CC1);
      |   ^~~~~~~~~~~~~~~~~~~~~
../Core/Src/main.c:4370:37: warning: passing argument 2 of 'HAL_DMA_Start_IT' makes integer from pointer without a cast [-Wint-conversion]
 4370 |    HAL_DMA_Start_IT(&hdma_tim2_ch1, &sin_LUT, DstAddress, NS);
      |                                     ^~~~~~~~
      |                                     |
      |                                     uint32_t (*)[128] {aka long unsigned int (*)[128]}
In file included from ../Core/Inc/stm32f0xx_hal_conf.h:205,
                 from ../Drivers/STM32F0xx_HAL_Driver/Inc/stm32f0xx_hal.h:30,
                 from ../Core/Inc/main.h:30,
                 from ../Core/Src/main.c:14:
../Drivers/STM32F0xx_HAL_Driver/Inc/stm32f0xx_hal_dma.h:455:70: note: expected 'uint32_t' {aka 'long unsigned int'} but argument is of type 'uint32_t (*)[128]' {aka 'long unsigned int (*)[128]'}
  455 | HAL_StatusTypeDef HAL_DMA_Start_IT(DMA_HandleTypeDef *hdma, uint32_t SrcAddress, uint32_t DstAddress, uint32_t DataLength);
      |                                                             ~~~~~~~~~^~~~~~~~~~
../Core/Src/main.c:4372:37: warning: passing argument 2 of 'HAL_DMA_Start_IT' makes integer from pointer without a cast [-Wint-conversion]
 4372 |    HAL_DMA_Start_IT(&hdma_tim2_ch1, &triangle_LUT, DstAddress, NS);
      |                                     ^~~~~~~~~~~~~
      |                                     |
      |                                     uint32_t (*)[128] {aka long unsigned int (*)[128]}
In file included from ../Core/Inc/stm32f0xx_hal_conf.h:205,
                 from ../Drivers/STM32F0xx_HAL_Driver/Inc/stm32f0xx_hal.h:30,
                 from ../Core/Inc/main.h:30,
                 from ../Core/Src/main.c:14:
../Drivers/STM32F0xx_HAL_Driver/Inc/stm32f0xx_hal_dma.h:455:70: note: expected 'uint32_t' {aka 'long unsigned int'} but argument is of type 'uint32_t (*)[128]' {aka 'long unsigned int (*)[128]'}
  455 | HAL_StatusTypeDef HAL_DMA_Start_IT(DMA_HandleTypeDef *hdma, uint32_t SrcAddress, uint32_t DstAddress, uint32_t DataLength);
      |                                                             ~~~~~~~~~^~~~~~~~~~
../Core/Src/main.c:4374:37: warning: passing argument 2 of 'HAL_DMA_Start_IT' makes integer from pointer without a cast [-Wint-conversion]
 4374 |    HAL_DMA_Start_IT(&hdma_tim2_ch1, &saw_LUT, DstAddress, NS);
      |                                     ^~~~~~~~
      |                                     |
      |                                     uint32_t (*)[128] {aka long unsigned int (*)[128]}
In file included from ../Core/Inc/stm32f0xx_hal_conf.h:205,
                 from ../Drivers/STM32F0xx_HAL_Driver/Inc/stm32f0xx_hal.h:30,
                 from ../Core/Inc/main.h:30,
                 from ../Core/Src/main.c:14:
../Drivers/STM32F0xx_HAL_Driver/Inc/stm32f0xx_hal_dma.h:455:70: note: expected 'uint32_t' {aka 'long unsigned int'} but argument is of type 'uint32_t (*)[128]' {aka 'long unsigned int (*)[128]'}
  455 | HAL_StatusTypeDef HAL_DMA_Start_IT(DMA_HandleTypeDef *hdma, uint32_t SrcAddress, uint32_t DstAddress, uint32_t DataLength);
      |                                                             ~~~~~~~~~^~~~~~~~~~
make: *** [Core/Src/subdir.mk:34: Core/Src/main.o] Error 1
"make -j8 all" terminated with exit code 2. Build might be incomplete.
10:17:52 **** Incremental Build of configuration Debug for project EEE3096S_2022_Prac_4_PWM_DAC_Student_Version ****
make -j8 all 
arm-none-eabi-gcc "../Core/Src/main.c" -mcpu=cortex-m0 -std=gnu11 -g3 -DDEBUG -DUSE_HAL_DRIVER -DSTM32F051x8 -c -I../Core/Inc -I../Drivers/STM32F0xx_HAL_Driver/Inc -I../Drivers/STM32F0xx_HAL_Driver/Inc/Legacy -I../Drivers/CMSIS/Device/ST/STM32F0xx/Include -I../Drivers/CMSIS/Include -O0 -ffunction-sections -fdata-sections -Wall -fstack-usage -MMD -MP -MF"Core/Src/main.d" -MT"Core/Src/main.o" --specs=nano.specs -mfloat-abi=soft -mthumb -o "Core/Src/main.o"
../Core/Src/main.c: In function 'main':
../Core/Src/main.c:4125:36: warning: passing argument 2 of 'HAL_DMA_Start_IT' makes integer from pointer without a cast [-Wint-conversion]
 4125 |   HAL_DMA_Start_IT(&hdma_tim2_ch1, &sin_LUT, DstAddress, NS);
      |                                    ^~~~~~~~
      |                                    |
      |                                    uint32_t (*)[128] {aka long unsigned int (*)[128]}
In file included from ../Core/Inc/stm32f0xx_hal_conf.h:205,
                 from ../Drivers/STM32F0xx_HAL_Driver/Inc/stm32f0xx_hal.h:30,
                 from ../Core/Inc/main.h:30,
                 from ../Core/Src/main.c:14:
../Drivers/STM32F0xx_HAL_Driver/Inc/stm32f0xx_hal_dma.h:455:70: note: expected 'uint32_t' {aka 'long unsigned int'} but argument is of type 'uint32_t (*)[128]' {aka 'long unsigned int (*)[128]'}
  455 | HAL_StatusTypeDef HAL_DMA_Start_IT(DMA_HandleTypeDef *hdma, uint32_t SrcAddress, uint32_t DstAddress, uint32_t DataLength);
      |                                                             ~~~~~~~~~^~~~~~~~~~
In file included from ../Core/Inc/stm32f0xx_hal_conf.h:281,
                 from ../Drivers/STM32F0xx_HAL_Driver/Inc/stm32f0xx_hal.h:30,
                 from ../Core/Inc/main.h:30,
                 from ../Core/Src/main.c:14:
../Drivers/STM32F0xx_HAL_Driver/Inc/stm32f0xx_hal_tim.h:1162:72: error: invalid type argument of '->' (have 'TIM_HandleTypeDef')
 1162 | #define __HAL_TIM_ENABLE_DMA(__HANDLE__, __DMA__)         ((__HANDLE__)->Instance->DIER |= (__DMA__))
      |                                                                        ^~
../Core/Src/main.c:4127:3: note: in expansion of macro '__HAL_TIM_ENABLE_DMA'
 4127 |   __HAL_TIM_ENABLE_DMA(htim2, TIM_DMA_CC1);
      |   ^~~~~~~~~~~~~~~~~~~~
../Core/Src/main.c: In function 'EXTI0_1_IRQHandler':
../Core/Src/main.c:4370:37: warning: passing argument 2 of 'HAL_DMA_Start_IT' makes integer from pointer without a cast [-Wint-conversion]
 4370 |    HAL_DMA_Start_IT(&hdma_tim2_ch1, &sin_LUT, DstAddress, NS);
      |                                     ^~~~~~~~
      |                                     |
      |                                     uint32_t (*)[128] {aka long unsigned int (*)[128]}
In file included from ../Core/Inc/stm32f0xx_hal_conf.h:205,
                 from ../Drivers/STM32F0xx_HAL_Driver/Inc/stm32f0xx_hal.h:30,
                 from ../Core/Inc/main.h:30,
                 from ../Core/Src/main.c:14:
../Drivers/STM32F0xx_HAL_Driver/Inc/stm32f0xx_hal_dma.h:455:70: note: expected 'uint32_t' {aka 'long unsigned int'} but argument is of type 'uint32_t (*)[128]' {aka 'long unsigned int (*)[128]'}
  455 | HAL_StatusTypeDef HAL_DMA_Start_IT(DMA_HandleTypeDef *hdma, uint32_t SrcAddress, uint32_t DstAddress, uint32_t DataLength);
      |                                                             ~~~~~~~~~^~~~~~~~~~
../Core/Src/main.c:4372:37: warning: passing argument 2 of 'HAL_DMA_Start_IT' makes integer from pointer without a cast [-Wint-conversion]
 4372 |    HAL_DMA_Start_IT(&hdma_tim2_ch1, &triangle_LUT, DstAddress, NS);
      |                                     ^~~~~~~~~~~~~
      |                                     |
      |                                     uint32_t (*)[128] {aka long unsigned int (*)[128]}
In file included from ../Core/Inc/stm32f0xx_hal_conf.h:205,
                 from ../Drivers/STM32F0xx_HAL_Driver/Inc/stm32f0xx_hal.h:30,
                 from ../Core/Inc/main.h:30,
                 from ../Core/Src/main.c:14:
../Drivers/STM32F0xx_HAL_Driver/Inc/stm32f0xx_hal_dma.h:455:70: note: expected 'uint32_t' {aka 'long unsigned int'} but argument is of type 'uint32_t (*)[128]' {aka 'long unsigned int (*)[128]'}
  455 | HAL_StatusTypeDef HAL_DMA_Start_IT(DMA_HandleTypeDef *hdma, uint32_t SrcAddress, uint32_t DstAddress, uint32_t DataLength);
      |                                                             ~~~~~~~~~^~~~~~~~~~
../Core/Src/main.c:4374:37: warning: passing argument 2 of 'HAL_DMA_Start_IT' makes integer from pointer without a cast [-Wint-conversion]
 4374 |    HAL_DMA_Start_IT(&hdma_tim2_ch1, &saw_LUT, DstAddress, NS);
      |                                     ^~~~~~~~
      |                                     |
      |                                     uint32_t (*)[128] {aka long unsigned int (*)[128]}
In file included from ../Core/Inc/stm32f0xx_hal_conf.h:205,
                 from ../Drivers/STM32F0xx_HAL_Driver/Inc/stm32f0xx_hal.h:30,
                 from ../Core/Inc/main.h:30,
                 from ../Core/Src/main.c:14:
../Drivers/STM32F0xx_HAL_Driver/Inc/stm32f0xx_hal_dma.h:455:70: note: expected 'uint32_t' {aka 'long unsigned int'} but argument is of type 'uint32_t (*)[128]' {aka 'long unsigned int (*)[128]'}
  455 | HAL_StatusTypeDef HAL_DMA_Start_IT(DMA_HandleTypeDef *hdma, uint32_t SrcAddress, uint32_t DstAddress, uint32_t DataLength);
      |                                                             ~~~~~~~~~^~~~~~~~~~
make: *** [Core/Src/subdir.mk:34: Core/Src/main.o] Error 1
"make -j8 all" terminated with exit code 2. Build might be incomplete.
10:18:30 **** Incremental Build of configuration Debug for project EEE3096S_2022_Prac_4_PWM_DAC_Student_Version ****
make -j8 all 
arm-none-eabi-gcc "../Core/Src/main.c" -mcpu=cortex-m0 -std=gnu11 -g3 -DDEBUG -DUSE_HAL_DRIVER -DSTM32F051x8 -c -I../Core/Inc -I../Drivers/STM32F0xx_HAL_Driver/Inc -I../Drivers/STM32F0xx_HAL_Driver/Inc/Legacy -I../Drivers/CMSIS/Device/ST/STM32F0xx/Include -I../Drivers/CMSIS/Include -O0 -ffunction-sections -fdata-sections -Wall -fstack-usage -MMD -MP -MF"Core/Src/main.d" -MT"Core/Src/main.o" --specs=nano.specs -mfloat-abi=soft -mthumb -o "Core/Src/main.o"
../Core/Src/main.c: In function 'main':
../Core/Src/main.c:4125:36: warning: passing argument 2 of 'HAL_DMA_Start_IT' makes integer from pointer without a cast [-Wint-conversion]
 4125 |   HAL_DMA_Start_IT(&hdma_tim2_ch1, &sin_LUT, DstAddress, NS);
      |                                    ^~~~~~~~
      |                                    |
      |                                    uint32_t (*)[128] {aka long unsigned int (*)[128]}
In file included from ../Core/Inc/stm32f0xx_hal_conf.h:205,
                 from ../Drivers/STM32F0xx_HAL_Driver/Inc/stm32f0xx_hal.h:30,
                 from ../Core/Inc/main.h:30,
                 from ../Core/Src/main.c:14:
../Drivers/STM32F0xx_HAL_Driver/Inc/stm32f0xx_hal_dma.h:455:70: note: expected 'uint32_t' {aka 'long unsigned int'} but argument is of type 'uint32_t (*)[128]' {aka 'long unsigned int (*)[128]'}
  455 | HAL_StatusTypeDef HAL_DMA_Start_IT(DMA_HandleTypeDef *hdma, uint32_t SrcAddress, uint32_t DstAddress, uint32_t DataLength);
      |                                                             ~~~~~~~~~^~~~~~~~~~
../Core/Src/main.c: In function 'EXTI0_1_IRQHandler':
../Core/Src/main.c:4370:37: warning: passing argument 2 of 'HAL_DMA_Start_IT' makes integer from pointer without a cast [-Wint-conversion]
 4370 |    HAL_DMA_Start_IT(&hdma_tim2_ch1, &sin_LUT, DstAddress, NS);
      |                                     ^~~~~~~~
      |                                     |
      |                                     uint32_t (*)[128] {aka long unsigned int (*)[128]}
In file included from ../Core/Inc/stm32f0xx_hal_conf.h:205,
                 from ../Drivers/STM32F0xx_HAL_Driver/Inc/stm32f0xx_hal.h:30,
                 from ../Core/Inc/main.h:30,
                 from ../Core/Src/main.c:14:
../Drivers/STM32F0xx_HAL_Driver/Inc/stm32f0xx_hal_dma.h:455:70: note: expected 'uint32_t' {aka 'long unsigned int'} but argument is of type 'uint32_t (*)[128]' {aka 'long unsigned int (*)[128]'}
  455 | HAL_StatusTypeDef HAL_DMA_Start_IT(DMA_HandleTypeDef *hdma, uint32_t SrcAddress, uint32_t DstAddress, uint32_t DataLength);
      |                                                             ~~~~~~~~~^~~~~~~~~~
../Core/Src/main.c:4372:37: warning: passing argument 2 of 'HAL_DMA_Start_IT' makes integer from pointer without a cast [-Wint-conversion]
 4372 |    HAL_DMA_Start_IT(&hdma_tim2_ch1, &triangle_LUT, DstAddress, NS);
      |                                     ^~~~~~~~~~~~~
      |                                     |
      |                                     uint32_t (*)[128] {aka long unsigned int (*)[128]}
In file included from ../Core/Inc/stm32f0xx_hal_conf.h:205,
                 from ../Drivers/STM32F0xx_HAL_Driver/Inc/stm32f0xx_hal.h:30,
                 from ../Core/Inc/main.h:30,
                 from ../Core/Src/main.c:14:
../Drivers/STM32F0xx_HAL_Driver/Inc/stm32f0xx_hal_dma.h:455:70: note: expected 'uint32_t' {aka 'long unsigned int'} but argument is of type 'uint32_t (*)[128]' {aka 'long unsigned int (*)[128]'}
  455 | HAL_StatusTypeDef HAL_DMA_Start_IT(DMA_HandleTypeDef *hdma, uint32_t SrcAddress, uint32_t DstAddress, uint32_t DataLength);
      |                                                             ~~~~~~~~~^~~~~~~~~~
../Core/Src/main.c:4374:37: warning: passing argument 2 of 'HAL_DMA_Start_IT' makes integer from pointer without a cast [-Wint-conversion]
 4374 |    HAL_DMA_Start_IT(&hdma_tim2_ch1, &saw_LUT, DstAddress, NS);
      |                                     ^~~~~~~~
      |                                     |
      |                                     uint32_t (*)[128] {aka long unsigned int (*)[128]}
In file included from ../Core/Inc/stm32f0xx_hal_conf.h:205,
                 from ../Drivers/STM32F0xx_HAL_Driver/Inc/stm32f0xx_hal.h:30,
                 from ../Core/Inc/main.h:30,
                 from ../Core/Src/main.c:14:
../Drivers/STM32F0xx_HAL_Driver/Inc/stm32f0xx_hal_dma.h:455:70: note: expected 'uint32_t' {aka 'long unsigned int'} but argument is of type 'uint32_t (*)[128]' {aka 'long unsigned int (*)[128]'}
  455 | HAL_StatusTypeDef HAL_DMA_Start_IT(DMA_HandleTypeDef *hdma, uint32_t SrcAddress, uint32_t DstAddress, uint32_t DataLength);
      |                                                             ~~~~~~~~~^~~~~~~~~~
arm-none-eabi-gcc -o "EEE3096S_2022_Prac_4_PWM_DAC_Student_Version.elf" @"objects.list"   -mcpu=cortex-m0 -T"C:\Users\fynn\Documents\Varsity Docs\2022\2nd Semester\EEE3096S\Pracs\Prac4\EEE3096S_2022_Prac_4_PWM_DAC_Student_Version\STM32F051R8TX_FLASH.ld" --specs=nosys.specs -Wl,-Map="EEE3096S_2022_Prac_4_PWM_DAC_Student_Version.map" -Wl,--gc-sections -static --specs=nano.specs -mfloat-abi=soft -mthumb -Wl,--start-group -lc -lm -Wl,--end-group
Finished building target: EEE3096S_2022_Prac_4_PWM_DAC_Student_Version.elf
 
arm-none-eabi-size   EEE3096S_2022_Prac_4_PWM_DAC_Student_Version.elf 
arm-none-eabi-objdump -h -S  EEE3096S_2022_Prac_4_PWM_DAC_Student_Version.elf  > "EEE3096S_2022_Prac_4_PWM_DAC_Student_Version.list"
   text	   data	    bss	    dec	    hex	filename
  11120	   1560	   1784	  14464	   3880	EEE3096S_2022_Prac_4_PWM_DAC_Student_Version.elf
Finished building: default.size.stdout
 
Finished building: EEE3096S_2022_Prac_4_PWM_DAC_Student_Version.list
 
10:18:48 **** Incremental Build of configuration Debug for project EEE3096S_2022_Prac_4_PWM_DAC_Student_Version ****
make -j8 all 
arm-none-eabi-size   EEE3096S_2022_Prac_4_PWM_DAC_Student_Version.elf 
   text	   data	    bss	    dec	    hex	filename
  11120	   1560	   1784	  14464	   3880	EEE3096S_2022_Prac_4_PWM_DAC_Student_Version.elf
Finished building: default.size.stdout
 
10:18:14 **** Incremental Build of configuration Debug for project EEE3096S_2022_Prac_4_PWM_DAC_Student_Version ****
make -j8 all 
arm-none-eabi-size   EEE3096S_2022_Prac_4_PWM_DAC_Student_Version.elf 
   text	   data	    bss	    dec	    hex	filename
  11120	   1560	   1784	  14464	   3880	EEE3096S_2022_Prac_4_PWM_DAC_Student_Version.elf
Finished building: default.size.stdout
 
10:21:46 **** Incremental Build of configuration Debug for project EEE3096S_2022_Prac_4_PWM_DAC_Student_Version ****
make -j8 all 
arm-none-eabi-size   EEE3096S_2022_Prac_4_PWM_DAC_Student_Version.elf 
   text	   data	    bss	    dec	    hex	filename
  11120	   1560	   1784	  14464	   3880	EEE3096S_2022_Prac_4_PWM_DAC_Student_Version.elf
Finished building: default.size.stdout
 
10:22:47 **** Incremental Build of configuration Debug for project EEE3096S_2022_Prac_4_PWM_DAC_Student_Version ****
make -j8 all 
arm-none-eabi-size   EEE3096S_2022_Prac_4_PWM_DAC_Student_Version.elf 
   text	   data	    bss	    dec	    hex	filename
  11120	   1560	   1784	  14464	   3880	EEE3096S_2022_Prac_4_PWM_DAC_Student_Version.elf
Finished building: default.size.stdout
 
10:40:56 **** Incremental Build of configuration Debug for project EEE3096S_2022_Prac_4_PWM_DAC_Student_Version ****
make -j8 all 
arm-none-eabi-size   EEE3096S_2022_Prac_4_PWM_DAC_Student_Version.elf 
   text	   data	    bss	    dec	    hex	filename
  11120	   1560	   1784	  14464	   3880	EEE3096S_2022_Prac_4_PWM_DAC_Student_Version.elf
Finished building: default.size.stdout
 
10:04:35 **** Incremental Build of configuration Debug for project EEE3096S_2022_Prac_4_PWM_DAC_Student_Version ****
make -j8 all 
arm-none-eabi-size   EEE3096S_2022_Prac_4_PWM_DAC_Student_Version.elf 
   text	   data	    bss	    dec	    hex	filename
  11120	   1560	   1784	  14464	   3880	EEE3096S_2022_Prac_4_PWM_DAC_Student_Version.elf
Finished building: default.size.stdout
 
10:09:15 **** Incremental Build of configuration Debug for project EEE3096S_2022_Prac_4_PWM_DAC_Student_Version ****
make -j8 all 
arm-none-eabi-size   EEE3096S_2022_Prac_4_PWM_DAC_Student_Version.elf 
   text	   data	    bss	    dec	    hex	filename
  11120	   1560	   1784	  14464	   3880	EEE3096S_2022_Prac_4_PWM_DAC_Student_Version.elf
Finished building: default.size.stdout
 
10:11:24 **** Incremental Build of configuration Debug for project EEE3096S_2022_Prac_4_PWM_DAC_Student_Version ****
make -j8 all 
arm-none-eabi-gcc "../Core/Src/main.c" -mcpu=cortex-m0 -std=gnu11 -g3 -DDEBUG -DUSE_HAL_DRIVER -DSTM32F051x8 -c -I../Core/Inc -I../Drivers/STM32F0xx_HAL_Driver/Inc -I../Drivers/STM32F0xx_HAL_Driver/Inc/Legacy -I../Drivers/CMSIS/Device/ST/STM32F0xx/Include -I../Drivers/CMSIS/Include -O0 -ffunction-sections -fdata-sections -Wall -fstack-usage -MMD -MP -MF"Core/Src/main.d" -MT"Core/Src/main.o" --specs=nano.specs -mfloat-abi=soft -mthumb -o "Core/Src/main.o"
../Core/Src/main.c: In function 'main':
../Core/Src/main.c:4125:36: warning: passing argument 2 of 'HAL_DMA_Start_IT' makes integer from pointer without a cast [-Wint-conversion]
 4125 |   HAL_DMA_Start_IT(&hdma_tim2_ch1, &sin_LUT, DstAddress, NS);
      |                                    ^~~~~~~~
      |                                    |
      |                                    uint32_t (*)[128] {aka long unsigned int (*)[128]}
In file included from ../Core/Inc/stm32f0xx_hal_conf.h:205,
                 from ../Drivers/STM32F0xx_HAL_Driver/Inc/stm32f0xx_hal.h:30,
                 from ../Core/Inc/main.h:30,
                 from ../Core/Src/main.c:14:
../Drivers/STM32F0xx_HAL_Driver/Inc/stm32f0xx_hal_dma.h:455:70: note: expected 'uint32_t' {aka 'long unsigned int'} but argument is of type 'uint32_t (*)[128]' {aka 'long unsigned int (*)[128]'}
  455 | HAL_StatusTypeDef HAL_DMA_Start_IT(DMA_HandleTypeDef *hdma, uint32_t SrcAddress, uint32_t DstAddress, uint32_t DataLength);
      |                                                             ~~~~~~~~~^~~~~~~~~~
../Core/Src/main.c: In function 'EXTI0_1_IRQHandler':
../Core/Src/main.c:4370:37: warning: passing argument 2 of 'HAL_DMA_Start_IT' makes integer from pointer without a cast [-Wint-conversion]
 4370 |    HAL_DMA_Start_IT(&hdma_tim2_ch1, &sin_LUT, DstAddress, NS);
      |                                     ^~~~~~~~
      |                                     |
      |                                     uint32_t (*)[128] {aka long unsigned int (*)[128]}
In file included from ../Core/Inc/stm32f0xx_hal_conf.h:205,
                 from ../Drivers/STM32F0xx_HAL_Driver/Inc/stm32f0xx_hal.h:30,
                 from ../Core/Inc/main.h:30,
                 from ../Core/Src/main.c:14:
../Drivers/STM32F0xx_HAL_Driver/Inc/stm32f0xx_hal_dma.h:455:70: note: expected 'uint32_t' {aka 'long unsigned int'} but argument is of type 'uint32_t (*)[128]' {aka 'long unsigned int (*)[128]'}
  455 | HAL_StatusTypeDef HAL_DMA_Start_IT(DMA_HandleTypeDef *hdma, uint32_t SrcAddress, uint32_t DstAddress, uint32_t DataLength);
      |                                                             ~~~~~~~~~^~~~~~~~~~
../Core/Src/main.c:4372:37: warning: passing argument 2 of 'HAL_DMA_Start_IT' makes integer from pointer without a cast [-Wint-conversion]
 4372 |    HAL_DMA_Start_IT(&hdma_tim2_ch1, &triangle_LUT, DstAddress, NS);
      |                                     ^~~~~~~~~~~~~
      |                                     |
      |                                     uint32_t (*)[128] {aka long unsigned int (*)[128]}
In file included from ../Core/Inc/stm32f0xx_hal_conf.h:205,
                 from ../Drivers/STM32F0xx_HAL_Driver/Inc/stm32f0xx_hal.h:30,
                 from ../Core/Inc/main.h:30,
                 from ../Core/Src/main.c:14:
../Drivers/STM32F0xx_HAL_Driver/Inc/stm32f0xx_hal_dma.h:455:70: note: expected 'uint32_t' {aka 'long unsigned int'} but argument is of type 'uint32_t (*)[128]' {aka 'long unsigned int (*)[128]'}
  455 | HAL_StatusTypeDef HAL_DMA_Start_IT(DMA_HandleTypeDef *hdma, uint32_t SrcAddress, uint32_t DstAddress, uint32_t DataLength);
      |                                                             ~~~~~~~~~^~~~~~~~~~
../Core/Src/main.c:4374:37: warning: passing argument 2 of 'HAL_DMA_Start_IT' makes integer from pointer without a cast [-Wint-conversion]
 4374 |    HAL_DMA_Start_IT(&hdma_tim2_ch1, &saw_LUT, DstAddress, NS);
      |                                     ^~~~~~~~
      |                                     |
      |                                     uint32_t (*)[128] {aka long unsigned int (*)[128]}
In file included from ../Core/Inc/stm32f0xx_hal_conf.h:205,
                 from ../Drivers/STM32F0xx_HAL_Driver/Inc/stm32f0xx_hal.h:30,
                 from ../Core/Inc/main.h:30,
                 from ../Core/Src/main.c:14:
../Drivers/STM32F0xx_HAL_Driver/Inc/stm32f0xx_hal_dma.h:455:70: note: expected 'uint32_t' {aka 'long unsigned int'} but argument is of type 'uint32_t (*)[128]' {aka 'long unsigned int (*)[128]'}
  455 | HAL_StatusTypeDef HAL_DMA_Start_IT(DMA_HandleTypeDef *hdma, uint32_t SrcAddress, uint32_t DstAddress, uint32_t DataLength);
      |                                                             ~~~~~~~~~^~~~~~~~~~
../Core/Src/main.c:4357:11: warning: unused variable 'initial_time' [-Wunused-variable]
 4357 |  uint32_t initial_time = HAL_GetTick(); // get initial tick on button press
      |           ^~~~~~~~~~~~
arm-none-eabi-gcc -o "EEE3096S_2022_Prac_4_PWM_DAC_Student_Version.elf" @"objects.list"   -mcpu=cortex-m0 -T"C:\Users\fynn\Documents\Varsity Docs\2022\2nd Semester\EEE3096S\Pracs\Prac4\EEE3096S_2022_Prac_4_PWM_DAC_Student_Version\STM32F051R8TX_FLASH.ld" --specs=nosys.specs -Wl,-Map="EEE3096S_2022_Prac_4_PWM_DAC_Student_Version.map" -Wl,--gc-sections -static --specs=nano.specs -mfloat-abi=soft -mthumb -Wl,--start-group -lc -lm -Wl,--end-group
Finished building target: EEE3096S_2022_Prac_4_PWM_DAC_Student_Version.elf
 
arm-none-eabi-size   EEE3096S_2022_Prac_4_PWM_DAC_Student_Version.elf 
arm-none-eabi-objdump -h -S  EEE3096S_2022_Prac_4_PWM_DAC_Student_Version.elf  > "EEE3096S_2022_Prac_4_PWM_DAC_Student_Version.list"
   text	   data	    bss	    dec	    hex	filename
  11104	   1560	   1784	  14448	   3870	EEE3096S_2022_Prac_4_PWM_DAC_Student_Version.elf
Finished building: default.size.stdout
 
Finished building: EEE3096S_2022_Prac_4_PWM_DAC_Student_Version.list
 
10:14:16 **** Incremental Build of configuration Debug for project EEE3096S_2022_Prac_4_PWM_DAC_Student_Version ****
make -j8 all 
arm-none-eabi-gcc "../Core/Src/main.c" -mcpu=cortex-m0 -std=gnu11 -g3 -DDEBUG -DUSE_HAL_DRIVER -DSTM32F051x8 -c -I../Core/Inc -I../Drivers/STM32F0xx_HAL_Driver/Inc -I../Drivers/STM32F0xx_HAL_Driver/Inc/Legacy -I../Drivers/CMSIS/Device/ST/STM32F0xx/Include -I../Drivers/CMSIS/Include -O0 -ffunction-sections -fdata-sections -Wall -fstack-usage -MMD -MP -MF"Core/Src/main.d" -MT"Core/Src/main.o" --specs=nano.specs -mfloat-abi=soft -mthumb -o "Core/Src/main.o"
../Core/Src/main.c: In function 'main':
../Core/Src/main.c:4125:36: warning: passing argument 2 of 'HAL_DMA_Start_IT' makes integer from pointer without a cast [-Wint-conversion]
 4125 |   HAL_DMA_Start_IT(&hdma_tim2_ch1, &sin_LUT, DstAddress, NS);
      |                                    ^~~~~~~~
      |                                    |
      |                                    uint32_t (*)[128] {aka long unsigned int (*)[128]}
In file included from ../Core/Inc/stm32f0xx_hal_conf.h:205,
                 from ../Drivers/STM32F0xx_HAL_Driver/Inc/stm32f0xx_hal.h:30,
                 from ../Core/Inc/main.h:30,
                 from ../Core/Src/main.c:14:
../Drivers/STM32F0xx_HAL_Driver/Inc/stm32f0xx_hal_dma.h:455:70: note: expected 'uint32_t' {aka 'long unsigned int'} but argument is of type 'uint32_t (*)[128]' {aka 'long unsigned int (*)[128]'}
  455 | HAL_StatusTypeDef HAL_DMA_Start_IT(DMA_HandleTypeDef *hdma, uint32_t SrcAddress, uint32_t DstAddress, uint32_t DataLength);
      |                                                             ~~~~~~~~~^~~~~~~~~~
../Core/Src/main.c: In function 'EXTI0_1_IRQHandler':
../Core/Src/main.c:4370:37: warning: passing argument 2 of 'HAL_DMA_Start_IT' makes integer from pointer without a cast [-Wint-conversion]
 4370 |    HAL_DMA_Start_IT(&hdma_tim2_ch1, &sin_LUT, DstAddress, NS);
      |                                     ^~~~~~~~
      |                                     |
      |                                     uint32_t (*)[128] {aka long unsigned int (*)[128]}
In file included from ../Core/Inc/stm32f0xx_hal_conf.h:205,
                 from ../Drivers/STM32F0xx_HAL_Driver/Inc/stm32f0xx_hal.h:30,
                 from ../Core/Inc/main.h:30,
                 from ../Core/Src/main.c:14:
../Drivers/STM32F0xx_HAL_Driver/Inc/stm32f0xx_hal_dma.h:455:70: note: expected 'uint32_t' {aka 'long unsigned int'} but argument is of type 'uint32_t (*)[128]' {aka 'long unsigned int (*)[128]'}
  455 | HAL_StatusTypeDef HAL_DMA_Start_IT(DMA_HandleTypeDef *hdma, uint32_t SrcAddress, uint32_t DstAddress, uint32_t DataLength);
      |                                                             ~~~~~~~~~^~~~~~~~~~
../Core/Src/main.c:4372:37: warning: passing argument 2 of 'HAL_DMA_Start_IT' makes integer from pointer without a cast [-Wint-conversion]
 4372 |    HAL_DMA_Start_IT(&hdma_tim2_ch1, &triangle_LUT, DstAddress, NS);
      |                                     ^~~~~~~~~~~~~
      |                                     |
      |                                     uint32_t (*)[128] {aka long unsigned int (*)[128]}
In file included from ../Core/Inc/stm32f0xx_hal_conf.h:205,
                 from ../Drivers/STM32F0xx_HAL_Driver/Inc/stm32f0xx_hal.h:30,
                 from ../Core/Inc/main.h:30,
                 from ../Core/Src/main.c:14:
../Drivers/STM32F0xx_HAL_Driver/Inc/stm32f0xx_hal_dma.h:455:70: note: expected 'uint32_t' {aka 'long unsigned int'} but argument is of type 'uint32_t (*)[128]' {aka 'long unsigned int (*)[128]'}
  455 | HAL_StatusTypeDef HAL_DMA_Start_IT(DMA_HandleTypeDef *hdma, uint32_t SrcAddress, uint32_t DstAddress, uint32_t DataLength);
      |                                                             ~~~~~~~~~^~~~~~~~~~
../Core/Src/main.c:4374:37: warning: passing argument 2 of 'HAL_DMA_Start_IT' makes integer from pointer without a cast [-Wint-conversion]
 4374 |    HAL_DMA_Start_IT(&hdma_tim2_ch1, &saw_LUT, DstAddress, NS);
      |                                     ^~~~~~~~
      |                                     |
      |                                     uint32_t (*)[128] {aka long unsigned int (*)[128]}
In file included from ../Core/Inc/stm32f0xx_hal_conf.h:205,
                 from ../Drivers/STM32F0xx_HAL_Driver/Inc/stm32f0xx_hal.h:30,
                 from ../Core/Inc/main.h:30,
                 from ../Core/Src/main.c:14:
../Drivers/STM32F0xx_HAL_Driver/Inc/stm32f0xx_hal_dma.h:455:70: note: expected 'uint32_t' {aka 'long unsigned int'} but argument is of type 'uint32_t (*)[128]' {aka 'long unsigned int (*)[128]'}
  455 | HAL_StatusTypeDef HAL_DMA_Start_IT(DMA_HandleTypeDef *hdma, uint32_t SrcAddress, uint32_t DstAddress, uint32_t DataLength);
      |                                                             ~~~~~~~~~^~~~~~~~~~
../Core/Src/main.c:4357:11: warning: unused variable 'initial_time' [-Wunused-variable]
 4357 |  uint32_t initial_time = HAL_GetTick(); // get initial tick on button press
      |           ^~~~~~~~~~~~
arm-none-eabi-gcc -o "EEE3096S_2022_Prac_4_PWM_DAC_Student_Version.elf" @"objects.list"   -mcpu=cortex-m0 -T"C:\Users\fynn\Documents\Varsity Docs\2022\2nd Semester\EEE3096S\Pracs\Prac4\EEE3096S_2022_Prac_4_PWM_DAC_Student_Version\STM32F051R8TX_FLASH.ld" --specs=nosys.specs -Wl,-Map="EEE3096S_2022_Prac_4_PWM_DAC_Student_Version.map" -Wl,--gc-sections -static --specs=nano.specs -mfloat-abi=soft -mthumb -Wl,--start-group -lc -lm -Wl,--end-group
Finished building target: EEE3096S_2022_Prac_4_PWM_DAC_Student_Version.elf
 
arm-none-eabi-size   EEE3096S_2022_Prac_4_PWM_DAC_Student_Version.elf 
arm-none-eabi-objdump -h -S  EEE3096S_2022_Prac_4_PWM_DAC_Student_Version.elf  > "EEE3096S_2022_Prac_4_PWM_DAC_Student_Version.list"
   text	   data	    bss	    dec	    hex	filename
  11124	   1560	   1784	  14468	   3884	EEE3096S_2022_Prac_4_PWM_DAC_Student_Version.elf
Finished building: default.size.stdout
 
Finished building: EEE3096S_2022_Prac_4_PWM_DAC_Student_Version.list
 
10:15:51 **** Incremental Build of configuration Debug for project EEE3096S_2022_Prac_4_PWM_DAC_Student_Version ****
make -j8 all 
arm-none-eabi-gcc "../Core/Src/main.c" -mcpu=cortex-m0 -std=gnu11 -g3 -DDEBUG -DUSE_HAL_DRIVER -DSTM32F051x8 -c -I../Core/Inc -I../Drivers/STM32F0xx_HAL_Driver/Inc -I../Drivers/STM32F0xx_HAL_Driver/Inc/Legacy -I../Drivers/CMSIS/Device/ST/STM32F0xx/Include -I../Drivers/CMSIS/Include -O0 -ffunction-sections -fdata-sections -Wall -fstack-usage -MMD -MP -MF"Core/Src/main.d" -MT"Core/Src/main.o" --specs=nano.specs -mfloat-abi=soft -mthumb -o "Core/Src/main.o"
../Core/Src/main.c: In function 'main':
../Core/Src/main.c:4125:36: warning: passing argument 2 of 'HAL_DMA_Start_IT' makes integer from pointer without a cast [-Wint-conversion]
 4125 |   HAL_DMA_Start_IT(&hdma_tim2_ch1, &sin_LUT, DstAddress, NS);
      |                                    ^~~~~~~~
      |                                    |
      |                                    uint32_t (*)[128] {aka long unsigned int (*)[128]}
In file included from ../Core/Inc/stm32f0xx_hal_conf.h:205,
                 from ../Drivers/STM32F0xx_HAL_Driver/Inc/stm32f0xx_hal.h:30,
                 from ../Core/Inc/main.h:30,
                 from ../Core/Src/main.c:14:
../Drivers/STM32F0xx_HAL_Driver/Inc/stm32f0xx_hal_dma.h:455:70: note: expected 'uint32_t' {aka 'long unsigned int'} but argument is of type 'uint32_t (*)[128]' {aka 'long unsigned int (*)[128]'}
  455 | HAL_StatusTypeDef HAL_DMA_Start_IT(DMA_HandleTypeDef *hdma, uint32_t SrcAddress, uint32_t DstAddress, uint32_t DataLength);
      |                                                             ~~~~~~~~~^~~~~~~~~~
../Core/Src/main.c: In function 'EXTI0_1_IRQHandler':
../Core/Src/main.c:4375:36: warning: passing argument 2 of 'HAL_DMA_Start_IT' makes integer from pointer without a cast [-Wint-conversion]
 4375 |   HAL_DMA_Start_IT(&hdma_tim2_ch1, &sin_LUT, DstAddress, NS);
      |                                    ^~~~~~~~
      |                                    |
      |                                    uint32_t (*)[128] {aka long unsigned int (*)[128]}
In file included from ../Core/Inc/stm32f0xx_hal_conf.h:205,
                 from ../Drivers/STM32F0xx_HAL_Driver/Inc/stm32f0xx_hal.h:30,
                 from ../Core/Inc/main.h:30,
                 from ../Core/Src/main.c:14:
../Drivers/STM32F0xx_HAL_Driver/Inc/stm32f0xx_hal_dma.h:455:70: note: expected 'uint32_t' {aka 'long unsigned int'} but argument is of type 'uint32_t (*)[128]' {aka 'long unsigned int (*)[128]'}
  455 | HAL_StatusTypeDef HAL_DMA_Start_IT(DMA_HandleTypeDef *hdma, uint32_t SrcAddress, uint32_t DstAddress, uint32_t DataLength);
      |                                                             ~~~~~~~~~^~~~~~~~~~
../Core/Src/main.c:4357:11: warning: unused variable 'initial_time' [-Wunused-variable]
 4357 |  uint32_t initial_time = HAL_GetTick(); // get initial tick on button press
      |           ^~~~~~~~~~~~
arm-none-eabi-gcc -o "EEE3096S_2022_Prac_4_PWM_DAC_Student_Version.elf" @"objects.list"   -mcpu=cortex-m0 -T"C:\Users\fynn\Documents\Varsity Docs\2022\2nd Semester\EEE3096S\Pracs\Prac4\EEE3096S_2022_Prac_4_PWM_DAC_Student_Version\STM32F051R8TX_FLASH.ld" --specs=nosys.specs -Wl,-Map="EEE3096S_2022_Prac_4_PWM_DAC_Student_Version.map" -Wl,--gc-sections -static --specs=nano.specs -mfloat-abi=soft -mthumb -Wl,--start-group -lc -lm -Wl,--end-group
Finished building target: EEE3096S_2022_Prac_4_PWM_DAC_Student_Version.elf
 
arm-none-eabi-size   EEE3096S_2022_Prac_4_PWM_DAC_Student_Version.elf 
arm-none-eabi-objdump -h -S  EEE3096S_2022_Prac_4_PWM_DAC_Student_Version.elf  > "EEE3096S_2022_Prac_4_PWM_DAC_Student_Version.list"
   text	   data	    bss	    dec	    hex	filename
  11064	    536	   1784	  13384	   3448	EEE3096S_2022_Prac_4_PWM_DAC_Student_Version.elf
Finished building: default.size.stdout
 
Finished building: EEE3096S_2022_Prac_4_PWM_DAC_Student_Version.list
 
10:19:45 **** Incremental Build of configuration Debug for project EEE3096S_2022_Prac_4_PWM_DAC_Student_Version ****
make -j8 all 
arm-none-eabi-gcc "../Core/Src/main.c" -mcpu=cortex-m0 -std=gnu11 -g3 -DDEBUG -DUSE_HAL_DRIVER -DSTM32F051x8 -c -I../Core/Inc -I../Drivers/STM32F0xx_HAL_Driver/Inc -I../Drivers/STM32F0xx_HAL_Driver/Inc/Legacy -I../Drivers/CMSIS/Device/ST/STM32F0xx/Include -I../Drivers/CMSIS/Include -O0 -ffunction-sections -fdata-sections -Wall -fstack-usage -MMD -MP -MF"Core/Src/main.d" -MT"Core/Src/main.o" --specs=nano.specs -mfloat-abi=soft -mthumb -o "Core/Src/main.o"
../Core/Src/main.c: In function 'EXTI0_1_IRQHandler':
../Core/Src/main.c:4357:11: warning: unused variable 'initial_time' [-Wunused-variable]
 4357 |  uint32_t initial_time = HAL_GetTick(); // get initial tick on button press
      |           ^~~~~~~~~~~~
arm-none-eabi-gcc -o "EEE3096S_2022_Prac_4_PWM_DAC_Student_Version.elf" @"objects.list"   -mcpu=cortex-m0 -T"C:\Users\fynn\Documents\Varsity Docs\2022\2nd Semester\EEE3096S\Pracs\Prac4\EEE3096S_2022_Prac_4_PWM_DAC_Student_Version\STM32F051R8TX_FLASH.ld" --specs=nosys.specs -Wl,-Map="EEE3096S_2022_Prac_4_PWM_DAC_Student_Version.map" -Wl,--gc-sections -static --specs=nano.specs -mfloat-abi=soft -mthumb -Wl,--start-group -lc -lm -Wl,--end-group
Finished building target: EEE3096S_2022_Prac_4_PWM_DAC_Student_Version.elf
 
arm-none-eabi-size   EEE3096S_2022_Prac_4_PWM_DAC_Student_Version.elf 
arm-none-eabi-objdump -h -S  EEE3096S_2022_Prac_4_PWM_DAC_Student_Version.elf  > "EEE3096S_2022_Prac_4_PWM_DAC_Student_Version.list"
   text	   data	    bss	    dec	    hex	filename
  11124	   1560	   1784	  14468	   3884	EEE3096S_2022_Prac_4_PWM_DAC_Student_Version.elf
Finished building: default.size.stdout
 
Finished building: EEE3096S_2022_Prac_4_PWM_DAC_Student_Version.list
 
10:20:30 **** Incremental Build of configuration Debug for project EEE3096S_2022_Prac_4_PWM_DAC_Student_Version ****
make -j8 all 
arm-none-eabi-gcc "../Core/Src/main.c" -mcpu=cortex-m0 -std=gnu11 -g3 -DDEBUG -DUSE_HAL_DRIVER -DSTM32F051x8 -c -I../Core/Inc -I../Drivers/STM32F0xx_HAL_Driver/Inc -I../Drivers/STM32F0xx_HAL_Driver/Inc/Legacy -I../Drivers/CMSIS/Device/ST/STM32F0xx/Include -I../Drivers/CMSIS/Include -O0 -ffunction-sections -fdata-sections -Wall -fstack-usage -MMD -MP -MF"Core/Src/main.d" -MT"Core/Src/main.o" --specs=nano.specs -mfloat-abi=soft -mthumb -o "Core/Src/main.o"
../Core/Src/main.c: In function 'EXTI0_1_IRQHandler':
../Core/Src/main.c:4357:11: warning: unused variable 'initial_time' [-Wunused-variable]
 4357 |  uint32_t initial_time = HAL_GetTick(); // get initial tick on button press
      |           ^~~~~~~~~~~~
arm-none-eabi-gcc -o "EEE3096S_2022_Prac_4_PWM_DAC_Student_Version.elf" @"objects.list"   -mcpu=cortex-m0 -T"C:\Users\fynn\Documents\Varsity Docs\2022\2nd Semester\EEE3096S\Pracs\Prac4\EEE3096S_2022_Prac_4_PWM_DAC_Student_Version\STM32F051R8TX_FLASH.ld" --specs=nosys.specs -Wl,-Map="EEE3096S_2022_Prac_4_PWM_DAC_Student_Version.map" -Wl,--gc-sections -static --specs=nano.specs -mfloat-abi=soft -mthumb -Wl,--start-group -lc -lm -Wl,--end-group
Finished building target: EEE3096S_2022_Prac_4_PWM_DAC_Student_Version.elf
 
arm-none-eabi-size   EEE3096S_2022_Prac_4_PWM_DAC_Student_Version.elf 
arm-none-eabi-objdump -h -S  EEE3096S_2022_Prac_4_PWM_DAC_Student_Version.elf  > "EEE3096S_2022_Prac_4_PWM_DAC_Student_Version.list"
   text	   data	    bss	    dec	    hex	filename
  11104	   1560	   1784	  14448	   3870	EEE3096S_2022_Prac_4_PWM_DAC_Student_Version.elf
Finished building: default.size.stdout
 
Finished building: EEE3096S_2022_Prac_4_PWM_DAC_Student_Version.list
 
10:23:40 **** Incremental Build of configuration Debug for project EEE3096S_2022_Prac_4_PWM_DAC_Student_Version ****
make -j8 all 
arm-none-eabi-gcc "../Core/Src/main.c" -mcpu=cortex-m0 -std=gnu11 -g3 -DDEBUG -DUSE_HAL_DRIVER -DSTM32F051x8 -c -I../Core/Inc -I../Drivers/STM32F0xx_HAL_Driver/Inc -I../Drivers/STM32F0xx_HAL_Driver/Inc/Legacy -I../Drivers/CMSIS/Device/ST/STM32F0xx/Include -I../Drivers/CMSIS/Include -O0 -ffunction-sections -fdata-sections -Wall -fstack-usage -MMD -MP -MF"Core/Src/main.d" -MT"Core/Src/main.o" --specs=nano.specs -mfloat-abi=soft -mthumb -o "Core/Src/main.o"
In file included from ../Core/Inc/stm32f0xx_hal_conf.h:281,
                 from ../Drivers/STM32F0xx_HAL_Driver/Inc/stm32f0xx_hal.h:30,
                 from ../Core/Inc/main.h:30,
                 from ../Core/Src/main.c:14:
../Core/Src/main.c: In function 'main':
../Drivers/STM32F0xx_HAL_Driver/Inc/stm32f0xx_hal_tim.h:1162:72: error: invalid type argument of '->' (have 'TIM_HandleTypeDef')
 1162 | #define __HAL_TIM_ENABLE_DMA(__HANDLE__, __DMA__)         ((__HANDLE__)->Instance->DIER |= (__DMA__))
      |                                                                        ^~
../Core/Src/main.c:4127:3: note: in expansion of macro '__HAL_TIM_ENABLE_DMA'
 4127 |   __HAL_TIM_ENABLE_DMA(htim2, TIM_DMA_CC1);
      |   ^~~~~~~~~~~~~~~~~~~~
../Core/Src/main.c: In function 'EXTI0_1_IRQHandler':
../Core/Src/main.c:4357:11: warning: unused variable 'initial_time' [-Wunused-variable]
 4357 |  uint32_t initial_time = HAL_GetTick(); // get initial tick on button press
      |           ^~~~~~~~~~~~
make: *** [Core/Src/subdir.mk:34: Core/Src/main.o] Error 1
"make -j8 all" terminated with exit code 2. Build might be incomplete.
10:23:59 **** Incremental Build of configuration Debug for project EEE3096S_2022_Prac_4_PWM_DAC_Student_Version ****
make -j8 all 
arm-none-eabi-gcc "../Core/Src/main.c" -mcpu=cortex-m0 -std=gnu11 -g3 -DDEBUG -DUSE_HAL_DRIVER -DSTM32F051x8 -c -I../Core/Inc -I../Drivers/STM32F0xx_HAL_Driver/Inc -I../Drivers/STM32F0xx_HAL_Driver/Inc/Legacy -I../Drivers/CMSIS/Device/ST/STM32F0xx/Include -I../Drivers/CMSIS/Include -O0 -ffunction-sections -fdata-sections -Wall -fstack-usage -MMD -MP -MF"Core/Src/main.d" -MT"Core/Src/main.o" --specs=nano.specs -mfloat-abi=soft -mthumb -o "Core/Src/main.o"
../Core/Src/main.c: In function 'EXTI0_1_IRQHandler':
../Core/Src/main.c:4357:11: warning: unused variable 'initial_time' [-Wunused-variable]
 4357 |  uint32_t initial_time = HAL_GetTick(); // get initial tick on button press
      |           ^~~~~~~~~~~~
arm-none-eabi-gcc -o "EEE3096S_2022_Prac_4_PWM_DAC_Student_Version.elf" @"objects.list"   -mcpu=cortex-m0 -T"C:\Users\fynn\Documents\Varsity Docs\2022\2nd Semester\EEE3096S\Pracs\Prac4\EEE3096S_2022_Prac_4_PWM_DAC_Student_Version\STM32F051R8TX_FLASH.ld" --specs=nosys.specs -Wl,-Map="EEE3096S_2022_Prac_4_PWM_DAC_Student_Version.map" -Wl,--gc-sections -static --specs=nano.specs -mfloat-abi=soft -mthumb -Wl,--start-group -lc -lm -Wl,--end-group
Finished building target: EEE3096S_2022_Prac_4_PWM_DAC_Student_Version.elf
 
arm-none-eabi-size   EEE3096S_2022_Prac_4_PWM_DAC_Student_Version.elf 
arm-none-eabi-objdump -h -S  EEE3096S_2022_Prac_4_PWM_DAC_Student_Version.elf  > "EEE3096S_2022_Prac_4_PWM_DAC_Student_Version.list"
   text	   data	    bss	    dec	    hex	filename
  11124	   1560	   1784	  14468	   3884	EEE3096S_2022_Prac_4_PWM_DAC_Student_Version.elf
Finished building: default.size.stdout
 
Finished building: EEE3096S_2022_Prac_4_PWM_DAC_Student_Version.list
 
10:25:14 **** Incremental Build of configuration Debug for project EEE3096S_2022_Prac_4_PWM_DAC_Student_Version ****
make -j8 all 
arm-none-eabi-gcc "../Core/Src/main.c" -mcpu=cortex-m0 -std=gnu11 -g3 -DDEBUG -DUSE_HAL_DRIVER -DSTM32F051x8 -c -I../Core/Inc -I../Drivers/STM32F0xx_HAL_Driver/Inc -I../Drivers/STM32F0xx_HAL_Driver/Inc/Legacy -I../Drivers/CMSIS/Device/ST/STM32F0xx/Include -I../Drivers/CMSIS/Include -O0 -ffunction-sections -fdata-sections -Wall -fstack-usage -MMD -MP -MF"Core/Src/main.d" -MT"Core/Src/main.o" --specs=nano.specs -mfloat-abi=soft -mthumb -o "Core/Src/main.o"
../Core/Src/main.c: In function 'EXTI0_1_IRQHandler':
../Core/Src/main.c:4357:11: warning: unused variable 'initial_time' [-Wunused-variable]
 4357 |  uint32_t initial_time = HAL_GetTick(); // get initial tick on button press
      |           ^~~~~~~~~~~~
arm-none-eabi-gcc -o "EEE3096S_2022_Prac_4_PWM_DAC_Student_Version.elf" @"objects.list"   -mcpu=cortex-m0 -T"C:\Users\fynn\Documents\Varsity Docs\2022\2nd Semester\EEE3096S\Pracs\Prac4\EEE3096S_2022_Prac_4_PWM_DAC_Student_Version\STM32F051R8TX_FLASH.ld" --specs=nosys.specs -Wl,-Map="EEE3096S_2022_Prac_4_PWM_DAC_Student_Version.map" -Wl,--gc-sections -static --specs=nano.specs -mfloat-abi=soft -mthumb -Wl,--start-group -lc -lm -Wl,--end-group
Finished building target: EEE3096S_2022_Prac_4_PWM_DAC_Student_Version.elf
 
arm-none-eabi-size   EEE3096S_2022_Prac_4_PWM_DAC_Student_Version.elf 
arm-none-eabi-objdump -h -S  EEE3096S_2022_Prac_4_PWM_DAC_Student_Version.elf  > "EEE3096S_2022_Prac_4_PWM_DAC_Student_Version.list"
   text	   data	    bss	    dec	    hex	filename
  11124	   1556	   1788	  14468	   3884	EEE3096S_2022_Prac_4_PWM_DAC_Student_Version.elf
Finished building: default.size.stdout
 
Finished building: EEE3096S_2022_Prac_4_PWM_DAC_Student_Version.list
 
10:26:06 **** Incremental Build of configuration Debug for project EEE3096S_2022_Prac_4_PWM_DAC_Student_Version ****
make -j8 all 
arm-none-eabi-gcc "../Core/Src/main.c" -mcpu=cortex-m0 -std=gnu11 -g3 -DDEBUG -DUSE_HAL_DRIVER -DSTM32F051x8 -c -I../Core/Inc -I../Drivers/STM32F0xx_HAL_Driver/Inc -I../Drivers/STM32F0xx_HAL_Driver/Inc/Legacy -I../Drivers/CMSIS/Device/ST/STM32F0xx/Include -I../Drivers/CMSIS/Include -O0 -ffunction-sections -fdata-sections -Wall -fstack-usage -MMD -MP -MF"Core/Src/main.d" -MT"Core/Src/main.o" --specs=nano.specs -mfloat-abi=soft -mthumb -o "Core/Src/main.o"
../Core/Src/main.c: In function 'EXTI0_1_IRQHandler':
../Core/Src/main.c:4357:11: warning: unused variable 'initial_time' [-Wunused-variable]
 4357 |  uint32_t initial_time = HAL_GetTick(); // get initial tick on button press
      |           ^~~~~~~~~~~~
arm-none-eabi-gcc -o "EEE3096S_2022_Prac_4_PWM_DAC_Student_Version.elf" @"objects.list"   -mcpu=cortex-m0 -T"C:\Users\fynn\Documents\Varsity Docs\2022\2nd Semester\EEE3096S\Pracs\Prac4\EEE3096S_2022_Prac_4_PWM_DAC_Student_Version\STM32F051R8TX_FLASH.ld" --specs=nosys.specs -Wl,-Map="EEE3096S_2022_Prac_4_PWM_DAC_Student_Version.map" -Wl,--gc-sections -static --specs=nano.specs -mfloat-abi=soft -mthumb -Wl,--start-group -lc -lm -Wl,--end-group
Finished building target: EEE3096S_2022_Prac_4_PWM_DAC_Student_Version.elf
 
[...]
arm-none-eabi-gcc -o "EEE3096S_2022_Prac_4_PWM_DAC_Student_Version.elf" @"objects.list"   -mcpu=cortex-m0 -T"C:\Users\fynn\Downloads\EEE3096S_2022_Prac_4_PWM_DAC_Student_Version\STM32F051R8TX_FLASH.ld" --specs=nosys.specs -Wl,-Map="EEE3096S_2022_Prac_4_PWM_DAC_Student_Version.map" -Wl,--gc-sections -static --specs=nano.specs -mfloat-abi=soft -mthumb -Wl,--start-group -lc -lm -Wl,--end-group
Finished building target: EEE3096S_2022_Prac_4_PWM_DAC_Student_Version.elf
 
arm-none-eabi-size   EEE3096S_2022_Prac_4_PWM_DAC_Student_Version.elf 
arm-none-eabi-objdump -h -S  EEE3096S_2022_Prac_4_PWM_DAC_Student_Version.elf  > "EEE3096S_2022_Prac_4_PWM_DAC_Student_Version.list"
   text	   data	    bss	    dec	    hex	filename
  11448	   1572	   1788	  14808	   39d8	EEE3096S_2022_Prac_4_PWM_DAC_Student_Version.elf
Finished building: default.size.stdout
 
Finished building: EEE3096S_2022_Prac_4_PWM_DAC_Student_Version.list
 
16:20:51 **** Incremental Build of configuration Debug for project EEE3096S_2022_Prac_4_PWM_DAC_Student_Version ****
make -j8 all 
arm-none-eabi-size   EEE3096S_2022_Prac_4_PWM_DAC_Student_Version.elf 
   text	   data	    bss	    dec	    hex	filename
  11448	   1572	   1788	  14808	   39d8	EEE3096S_2022_Prac_4_PWM_DAC_Student_Version.elf
Finished building: default.size.stdout
 
16:21:26 **** Incremental Build of configuration Debug for project EEE3096S_2022_Prac_4_PWM_DAC_Student_Version ****
make -j8 all 
arm-none-eabi-size   EEE3096S_2022_Prac_4_PWM_DAC_Student_Version.elf 
   text	   data	    bss	    dec	    hex	filename
  11448	   1572	   1788	  14808	   39d8	EEE3096S_2022_Prac_4_PWM_DAC_Student_Version.elf
Finished building: default.size.stdout
 
16:23:04 **** Incremental Build of configuration Debug for project EEE3096S_2022_Prac_4_PWM_DAC_Student_Version ****
make -j8 all 
arm-none-eabi-size   EEE3096S_2022_Prac_4_PWM_DAC_Student_Version.elf 
   text	   data	    bss	    dec	    hex	filename
  11448	   1572	   1788	  14808	   39d8	EEE3096S_2022_Prac_4_PWM_DAC_Student_Version.elf
Finished building: default.size.stdout
 
16:24:20 **** Incremental Build of configuration Debug for project EEE3096S_2022_Prac_4_PWM_DAC_Student_Version ****
make -j8 all 
arm-none-eabi-size   EEE3096S_2022_Prac_4_PWM_DAC_Student_Version.elf 
   text	   data	    bss	    dec	    hex	filename
  11448	   1572	   1788	  14808	   39d8	EEE3096S_2022_Prac_4_PWM_DAC_Student_Version.elf
Finished building: default.size.stdout
 
16:26:02 **** Incremental Build of configuration Debug for project EEE3096S_2022_Prac_4_PWM_DAC_Student_Version ****
make -j8 all 
arm-none-eabi-size   EEE3096S_2022_Prac_4_PWM_DAC_Student_Version.elf 
   text	   data	    bss	    dec	    hex	filename
  11448	   1572	   1788	  14808	   39d8	EEE3096S_2022_Prac_4_PWM_DAC_Student_Version.elf
Finished building: default.size.stdout
 
16:26:38 **** Incremental Build of configuration Debug for project EEE3096S_2022_Prac_4_PWM_DAC_Student_Version ****
make -j8 all 
arm-none-eabi-gcc "../Core/Src/main.c" -mcpu=cortex-m0 -std=gnu11 -g3 -DDEBUG -DUSE_HAL_DRIVER -DSTM32F051x8 -c -I../Core/Inc -I../Drivers/STM32F0xx_HAL_Driver/Inc -I../Drivers/STM32F0xx_HAL_Driver/Inc/Legacy -I../Drivers/CMSIS/Device/ST/STM32F0xx/Include -I../Drivers/CMSIS/Include -O0 -ffunction-sections -fdata-sections -Wall -fstack-usage -MMD -MP -MF"Core/Src/main.d" -MT"Core/Src/main.o" --specs=nano.specs -mfloat-abi=soft -mthumb -o "Core/Src/main.o"
arm-none-eabi-gcc -o "EEE3096S_2022_Prac_4_PWM_DAC_Student_Version.elf" @"objects.list"   -mcpu=cortex-m0 -T"C:\Users\fynn\Downloads\EEE3096S_2022_Prac_4_PWM_DAC_Student_Version\STM32F051R8TX_FLASH.ld" --specs=nosys.specs -Wl,-Map="EEE3096S_2022_Prac_4_PWM_DAC_Student_Version.map" -Wl,--gc-sections -static --specs=nano.specs -mfloat-abi=soft -mthumb -Wl,--start-group -lc -lm -Wl,--end-group
Finished building target: EEE3096S_2022_Prac_4_PWM_DAC_Student_Version.elf
 
arm-none-eabi-size   EEE3096S_2022_Prac_4_PWM_DAC_Student_Version.elf 
arm-none-eabi-objdump -h -S  EEE3096S_2022_Prac_4_PWM_DAC_Student_Version.elf  > "EEE3096S_2022_Prac_4_PWM_DAC_Student_Version.list"
   text	   data	    bss	    dec	    hex	filename
  11448	   1572	   1788	  14808	   39d8	EEE3096S_2022_Prac_4_PWM_DAC_Student_Version.elf
Finished building: default.size.stdout
 
Finished building: EEE3096S_2022_Prac_4_PWM_DAC_Student_Version.list
 
16:27:46 **** Incremental Build of configuration Debug for project EEE3096S_2022_Prac_4_PWM_DAC_Student_Version ****
make -j8 all 
arm-none-eabi-size   EEE3096S_2022_Prac_4_PWM_DAC_Student_Version.elf 
   text	   data	    bss	    dec	    hex	filename
  11448	   1572	   1788	  14808	   39d8	EEE3096S_2022_Prac_4_PWM_DAC_Student_Version.elf
Finished building: default.size.stdout
 
16:29:52 **** Incremental Build of configuration Debug for project EEE3096S_2022_Prac_4_PWM_DAC_Student_Version ****
make -j8 all 
arm-none-eabi-gcc "../Core/Src/main.c" -mcpu=cortex-m0 -std=gnu11 -g3 -DDEBUG -DUSE_HAL_DRIVER -DSTM32F051x8 -c -I../Core/Inc -I../Drivers/STM32F0xx_HAL_Driver/Inc -I../Drivers/STM32F0xx_HAL_Driver/Inc/Legacy -I../Drivers/CMSIS/Device/ST/STM32F0xx/Include -I../Drivers/CMSIS/Include -O0 -ffunction-sections -fdata-sections -Wall -fstack-usage -MMD -MP -MF"Core/Src/main.d" -MT"Core/Src/main.o" --specs=nano.specs -mfloat-abi=soft -mthumb -o "Core/Src/main.o"
arm-none-eabi-gcc -o "EEE3096S_2022_Prac_4_PWM_DAC_Student_Version.elf" @"objects.list"   -mcpu=cortex-m0 -T"C:\Users\fynn\Downloads\EEE3096S_2022_Prac_4_PWM_DAC_Student_Version\STM32F051R8TX_FLASH.ld" --specs=nosys.specs -Wl,-Map="EEE3096S_2022_Prac_4_PWM_DAC_Student_Version.map" -Wl,--gc-sections -static --specs=nano.specs -mfloat-abi=soft -mthumb -Wl,--start-group -lc -lm -Wl,--end-group
Finished building target: EEE3096S_2022_Prac_4_PWM_DAC_Student_Version.elf
 
arm-none-eabi-size   EEE3096S_2022_Prac_4_PWM_DAC_Student_Version.elf 
arm-none-eabi-objdump -h -S  EEE3096S_2022_Prac_4_PWM_DAC_Student_Version.elf  > "EEE3096S_2022_Prac_4_PWM_DAC_Student_Version.list"
   text	   data	    bss	    dec	    hex	filename
  11448	   1572	   1788	  14808	   39d8	EEE3096S_2022_Prac_4_PWM_DAC_Student_Version.elf
Finished building: default.size.stdout
 
Finished building: EEE3096S_2022_Prac_4_PWM_DAC_Student_Version.list
 
16:30:28 **** Incremental Build of configuration Debug for project EEE3096S_2022_Prac_4_PWM_DAC_Student_Version ****
make -j8 all 
arm-none-eabi-gcc "../Core/Src/main.c" -mcpu=cortex-m0 -std=gnu11 -g3 -DDEBUG -DUSE_HAL_DRIVER -DSTM32F051x8 -c -I../Core/Inc -I../Drivers/STM32F0xx_HAL_Driver/Inc -I../Drivers/STM32F0xx_HAL_Driver/Inc/Legacy -I../Drivers/CMSIS/Device/ST/STM32F0xx/Include -I../Drivers/CMSIS/Include -O0 -ffunction-sections -fdata-sections -Wall -fstack-usage -MMD -MP -MF"Core/Src/main.d" -MT"Core/Src/main.o" --specs=nano.specs -mfloat-abi=soft -mthumb -o "Core/Src/main.o"
arm-none-eabi-gcc -o "EEE3096S_2022_Prac_4_PWM_DAC_Student_Version.elf" @"objects.list"   -mcpu=cortex-m0 -T"C:\Users\fynn\Downloads\EEE3096S_2022_Prac_4_PWM_DAC_Student_Version\STM32F051R8TX_FLASH.ld" --specs=nosys.specs -Wl,-Map="EEE3096S_2022_Prac_4_PWM_DAC_Student_Version.map" -Wl,--gc-sections -static --specs=nano.specs -mfloat-abi=soft -mthumb -Wl,--start-group -lc -lm -Wl,--end-group
Finished building target: EEE3096S_2022_Prac_4_PWM_DAC_Student_Version.elf
 
arm-none-eabi-size   EEE3096S_2022_Prac_4_PWM_DAC_Student_Version.elf 
arm-none-eabi-objdump -h -S  EEE3096S_2022_Prac_4_PWM_DAC_Student_Version.elf  > "EEE3096S_2022_Prac_4_PWM_DAC_Student_Version.list"
   text	   data	    bss	    dec	    hex	filename
  11448	   1572	   1788	  14808	   39d8	EEE3096S_2022_Prac_4_PWM_DAC_Student_Version.elf
Finished building: default.size.stdout
 
Finished building: EEE3096S_2022_Prac_4_PWM_DAC_Student_Version.list
 
16:31:06 **** Incremental Build of configuration Debug for project EEE3096S_2022_Prac_4_PWM_DAC_Student_Version ****
make -j8 all 
arm-none-eabi-gcc "../Core/Src/main.c" -mcpu=cortex-m0 -std=gnu11 -g3 -DDEBUG -DUSE_HAL_DRIVER -DSTM32F051x8 -c -I../Core/Inc -I../Drivers/STM32F0xx_HAL_Driver/Inc -I../Drivers/STM32F0xx_HAL_Driver/Inc/Legacy -I../Drivers/CMSIS/Device/ST/STM32F0xx/Include -I../Drivers/CMSIS/Include -O0 -ffunction-sections -fdata-sections -Wall -fstack-usage -MMD -MP -MF"Core/Src/main.d" -MT"Core/Src/main.o" --specs=nano.specs -mfloat-abi=soft -mthumb -o "Core/Src/main.o"
arm-none-eabi-gcc -o "EEE3096S_2022_Prac_4_PWM_DAC_Student_Version.elf" @"objects.list"   -mcpu=cortex-m0 -T"C:\Users\fynn\Downloads\EEE3096S_2022_Prac_4_PWM_DAC_Student_Version\STM32F051R8TX_FLASH.ld" --specs=nosys.specs -Wl,-Map="EEE3096S_2022_Prac_4_PWM_DAC_Student_Version.map" -Wl,--gc-sections -static --specs=nano.specs -mfloat-abi=soft -mthumb -Wl,--start-group -lc -lm -Wl,--end-group
Finished building target: EEE3096S_2022_Prac_4_PWM_DAC_Student_Version.elf
 
arm-none-eabi-size   EEE3096S_2022_Prac_4_PWM_DAC_Student_Version.elf 
arm-none-eabi-objdump -h -S  EEE3096S_2022_Prac_4_PWM_DAC_Student_Version.elf  > "EEE3096S_2022_Prac_4_PWM_DAC_Student_Version.list"
   text	   data	    bss	    dec	    hex	filename
  11448	   1572	   1788	  14808	   39d8	EEE3096S_2022_Prac_4_PWM_DAC_Student_Version.elf
Finished building: default.size.stdout
 
Finished building: EEE3096S_2022_Prac_4_PWM_DAC_Student_Version.list
 
16:31:46 **** Incremental Build of configuration Debug for project EEE3096S_2022_Prac_4_PWM_DAC_Student_Version ****
make -j8 all 
arm-none-eabi-gcc "../Core/Src/main.c" -mcpu=cortex-m0 -std=gnu11 -g3 -DDEBUG -DUSE_HAL_DRIVER -DSTM32F051x8 -c -I../Core/Inc -I../Drivers/STM32F0xx_HAL_Driver/Inc -I../Drivers/STM32F0xx_HAL_Driver/Inc/Legacy -I../Drivers/CMSIS/Device/ST/STM32F0xx/Include -I../Drivers/CMSIS/Include -O0 -ffunction-sections -fdata-sections -Wall -fstack-usage -MMD -MP -MF"Core/Src/main.d" -MT"Core/Src/main.o" --specs=nano.specs -mfloat-abi=soft -mthumb -o "Core/Src/main.o"
arm-none-eabi-gcc -o "EEE3096S_2022_Prac_4_PWM_DAC_Student_Version.elf" @"objects.list"   -mcpu=cortex-m0 -T"C:\Users\fynn\Downloads\EEE3096S_2022_Prac_4_PWM_DAC_Student_Version\STM32F051R8TX_FLASH.ld" --specs=nosys.specs -Wl,-Map="EEE3096S_2022_Prac_4_PWM_DAC_Student_Version.map" -Wl,--gc-sections -static --specs=nano.specs -mfloat-abi=soft -mthumb -Wl,--start-group -lc -lm -Wl,--end-group
Finished building target: EEE3096S_2022_Prac_4_PWM_DAC_Student_Version.elf
 
arm-none-eabi-size   EEE3096S_2022_Prac_4_PWM_DAC_Student_Version.elf 
arm-none-eabi-objdump -h -S  EEE3096S_2022_Prac_4_PWM_DAC_Student_Version.elf  > "EEE3096S_2022_Prac_4_PWM_DAC_Student_Version.list"
   text	   data	    bss	    dec	    hex	filename
  11448	   1572	   1788	  14808	   39d8	EEE3096S_2022_Prac_4_PWM_DAC_Student_Version.elf
Finished building: default.size.stdout
 
Finished building: EEE3096S_2022_Prac_4_PWM_DAC_Student_Version.list
 
16:32:52 **** Incremental Build of configuration Debug for project EEE3096S_2022_Prac_4_PWM_DAC_Student_Version ****
make -j8 all 
arm-none-eabi-gcc "../Core/Src/main.c" -mcpu=cortex-m0 -std=gnu11 -g3 -DDEBUG -DUSE_HAL_DRIVER -DSTM32F051x8 -c -I../Core/Inc -I../Drivers/STM32F0xx_HAL_Driver/Inc -I../Drivers/STM32F0xx_HAL_Driver/Inc/Legacy -I../Drivers/CMSIS/Device/ST/STM32F0xx/Include -I../Drivers/CMSIS/Include -O0 -ffunction-sections -fdata-sections -Wall -fstack-usage -MMD -MP -MF"Core/Src/main.d" -MT"Core/Src/main.o" --specs=nano.specs -mfloat-abi=soft -mthumb -o "Core/Src/main.o"
arm-none-eabi-gcc -o "EEE3096S_2022_Prac_4_PWM_DAC_Student_Version.elf" @"objects.list"   -mcpu=cortex-m0 -T"C:\Users\fynn\Downloads\EEE3096S_2022_Prac_4_PWM_DAC_Student_Version\STM32F051R8TX_FLASH.ld" --specs=nosys.specs -Wl,-Map="EEE3096S_2022_Prac_4_PWM_DAC_Student_Version.map" -Wl,--gc-sections -static --specs=nano.specs -mfloat-abi=soft -mthumb -Wl,--start-group -lc -lm -Wl,--end-group
Finished building target: EEE3096S_2022_Prac_4_PWM_DAC_Student_Version.elf
 
arm-none-eabi-size   EEE3096S_2022_Prac_4_PWM_DAC_Student_Version.elf 
arm-none-eabi-objdump -h -S  EEE3096S_2022_Prac_4_PWM_DAC_Student_Version.elf  > "EEE3096S_2022_Prac_4_PWM_DAC_Student_Version.list"
   text	   data	    bss	    dec	    hex	filename
  11448	   1572	   1788	  14808	   39d8	EEE3096S_2022_Prac_4_PWM_DAC_Student_Version.elf
Finished building: default.size.stdout
 
Finished building: EEE3096S_2022_Prac_4_PWM_DAC_Student_Version.list
 
16:33:46 **** Incremental Build of configuration Debug for project EEE3096S_2022_Prac_4_PWM_DAC_Student_Version ****
make -j8 all 
arm-none-eabi-gcc "../Core/Src/main.c" -mcpu=cortex-m0 -std=gnu11 -g3 -DDEBUG -DUSE_HAL_DRIVER -DSTM32F051x8 -c -I../Core/Inc -I../Drivers/STM32F0xx_HAL_Driver/Inc -I../Drivers/STM32F0xx_HAL_Driver/Inc/Legacy -I../Drivers/CMSIS/Device/ST/STM32F0xx/Include -I../Drivers/CMSIS/Include -O0 -ffunction-sections -fdata-sections -Wall -fstack-usage -MMD -MP -MF"Core/Src/main.d" -MT"Core/Src/main.o" --specs=nano.specs -mfloat-abi=soft -mthumb -o "Core/Src/main.o"
arm-none-eabi-gcc -o "EEE3096S_2022_Prac_4_PWM_DAC_Student_Version.elf" @"objects.list"   -mcpu=cortex-m0 -T"C:\Users\fynn\Downloads\EEE3096S_2022_Prac_4_PWM_DAC_Student_Version\STM32F051R8TX_FLASH.ld" --specs=nosys.specs -Wl,-Map="EEE3096S_2022_Prac_4_PWM_DAC_Student_Version.map" -Wl,--gc-sections -static --specs=nano.specs -mfloat-abi=soft -mthumb -Wl,--start-group -lc -lm -Wl,--end-group
Finished building target: EEE3096S_2022_Prac_4_PWM_DAC_Student_Version.elf
 
arm-none-eabi-size   EEE3096S_2022_Prac_4_PWM_DAC_Student_Version.elf 
arm-none-eabi-objdump -h -S  EEE3096S_2022_Prac_4_PWM_DAC_Student_Version.elf  > "EEE3096S_2022_Prac_4_PWM_DAC_Student_Version.list"
   text	   data	    bss	    dec	    hex	filename
  11448	   1572	   1788	  14808	   39d8	EEE3096S_2022_Prac_4_PWM_DAC_Student_Version.elf
Finished building: default.size.stdout
 
Finished building: EEE3096S_2022_Prac_4_PWM_DAC_Student_Version.list
 
16:34:09 **** Incremental Build of configuration Debug for project EEE3096S_2022_Prac_4_PWM_DAC_Student_Version ****
make -j8 all 
arm-none-eabi-gcc "../Core/Src/main.c" -mcpu=cortex-m0 -std=gnu11 -g3 -DDEBUG -DUSE_HAL_DRIVER -DSTM32F051x8 -c -I../Core/Inc -I../Drivers/STM32F0xx_HAL_Driver/Inc -I../Drivers/STM32F0xx_HAL_Driver/Inc/Legacy -I../Drivers/CMSIS/Device/ST/STM32F0xx/Include -I../Drivers/CMSIS/Include -O0 -ffunction-sections -fdata-sections -Wall -fstack-usage -MMD -MP -MF"Core/Src/main.d" -MT"Core/Src/main.o" --specs=nano.specs -mfloat-abi=soft -mthumb -o "Core/Src/main.o"
arm-none-eabi-gcc -o "EEE3096S_2022_Prac_4_PWM_DAC_Student_Version.elf" @"objects.list"   -mcpu=cortex-m0 -T"C:\Users\fynn\Downloads\EEE3096S_2022_Prac_4_PWM_DAC_Student_Version\STM32F051R8TX_FLASH.ld" --specs=nosys.specs -Wl,-Map="EEE3096S_2022_Prac_4_PWM_DAC_Student_Version.map" -Wl,--gc-sections -static --specs=nano.specs -mfloat-abi=soft -mthumb -Wl,--start-group -lc -lm -Wl,--end-group
Finished building target: EEE3096S_2022_Prac_4_PWM_DAC_Student_Version.elf
 
arm-none-eabi-size   EEE3096S_2022_Prac_4_PWM_DAC_Student_Version.elf 
arm-none-eabi-objdump -h -S  EEE3096S_2022_Prac_4_PWM_DAC_Student_Version.elf  > "EEE3096S_2022_Prac_4_PWM_DAC_Student_Version.list"
   text	   data	    bss	    dec	    hex	filename
  11448	   1572	   1788	  14808	   39d8	EEE3096S_2022_Prac_4_PWM_DAC_Student_Version.elf
Finished building: default.size.stdout
 
Finished building: EEE3096S_2022_Prac_4_PWM_DAC_Student_Version.list
 
17:20:28 **** Incremental Build of configuration Debug for project EEE3096S_2022_Prac_4_PWM_DAC_Student_Version ****
make -j8 all 
arm-none-eabi-gcc "../Core/Src/main.c" -mcpu=cortex-m0 -std=gnu11 -g3 -DDEBUG -DUSE_HAL_DRIVER -DSTM32F051x8 -c -I../Core/Inc -I../Drivers/STM32F0xx_HAL_Driver/Inc -I../Drivers/STM32F0xx_HAL_Driver/Inc/Legacy -I../Drivers/CMSIS/Device/ST/STM32F0xx/Include -I../Drivers/CMSIS/Include -O0 -ffunction-sections -fdata-sections -Wall -fstack-usage -MMD -MP -MF"Core/Src/main.d" -MT"Core/Src/main.o" --specs=nano.specs -mfloat-abi=soft -mthumb -o "Core/Src/main.o"
arm-none-eabi-gcc -o "EEE3096S_2022_Prac_4_PWM_DAC_Student_Version.elf" @"objects.list"   -mcpu=cortex-m0 -T"C:\Users\fynn\Downloads\EEE3096S_2022_Prac_4_PWM_DAC_Student_Version\STM32F051R8TX_FLASH.ld" --specs=nosys.specs -Wl,-Map="EEE3096S_2022_Prac_4_PWM_DAC_Student_Version.map" -Wl,--gc-sections -static --specs=nano.specs -mfloat-abi=soft -mthumb -Wl,--start-group -lc -lm -Wl,--end-group
Finished building target: EEE3096S_2022_Prac_4_PWM_DAC_Student_Version.elf
 
arm-none-eabi-size   EEE3096S_2022_Prac_4_PWM_DAC_Student_Version.elf 
arm-none-eabi-objdump -h -S  EEE3096S_2022_Prac_4_PWM_DAC_Student_Version.elf  > "EEE3096S_2022_Prac_4_PWM_DAC_Student_Version.list"
   text	   data	    bss	    dec	    hex	filename
  11448	   1572	   1788	  14808	   39d8	EEE3096S_2022_Prac_4_PWM_DAC_Student_Version.elf
Finished building: default.size.stdout
 
Finished building: EEE3096S_2022_Prac_4_PWM_DAC_Student_Version.list
 
17:23:22 **** Incremental Build of configuration Debug for project EEE3096S_2022_Prac_4_PWM_DAC_Student_Version ****
make -j8 all 
arm-none-eabi-gcc "../Core/Src/main.c" -mcpu=cortex-m0 -std=gnu11 -g3 -DDEBUG -DUSE_HAL_DRIVER -DSTM32F051x8 -c -I../Core/Inc -I../Drivers/STM32F0xx_HAL_Driver/Inc -I../Drivers/STM32F0xx_HAL_Driver/Inc/Legacy -I../Drivers/CMSIS/Device/ST/STM32F0xx/Include -I../Drivers/CMSIS/Include -O0 -ffunction-sections -fdata-sections -Wall -fstack-usage -MMD -MP -MF"Core/Src/main.d" -MT"Core/Src/main.o" --specs=nano.specs -mfloat-abi=soft -mthumb -o "Core/Src/main.o"
arm-none-eabi-gcc -o "EEE3096S_2022_Prac_4_PWM_DAC_Student_Version.elf" @"objects.list"   -mcpu=cortex-m0 -T"C:\Users\fynn\Downloads\EEE3096S_2022_Prac_4_PWM_DAC_Student_Version\STM32F051R8TX_FLASH.ld" --specs=nosys.specs -Wl,-Map="EEE3096S_2022_Prac_4_PWM_DAC_Student_Version.map" -Wl,--gc-sections -static --specs=nano.specs -mfloat-abi=soft -mthumb -Wl,--start-group -lc -lm -Wl,--end-group
Finished building target: EEE3096S_2022_Prac_4_PWM_DAC_Student_Version.elf
 
arm-none-eabi-size   EEE3096S_2022_Prac_4_PWM_DAC_Student_Version.elf 
arm-none-eabi-objdump -h -S  EEE3096S_2022_Prac_4_PWM_DAC_Student_Version.elf  > "EEE3096S_2022_Prac_4_PWM_DAC_Student_Version.list"
   text	   data	    bss	    dec	    hex	filename
  11448	   1572	   1788	  14808	   39d8	EEE3096S_2022_Prac_4_PWM_DAC_Student_Version.elf
Finished building: default.size.stdout
 
Finished building: EEE3096S_2022_Prac_4_PWM_DAC_Student_Version.list
 
17:24:47 **** Incremental Build of configuration Debug for project EEE3096S_2022_Prac_4_PWM_DAC_Student_Version ****
make -j8 all 
arm-none-eabi-gcc "../Core/Src/main.c" -mcpu=cortex-m0 -std=gnu11 -g3 -DDEBUG -DUSE_HAL_DRIVER -DSTM32F051x8 -c -I../Core/Inc -I../Drivers/STM32F0xx_HAL_Driver/Inc -I../Drivers/STM32F0xx_HAL_Driver/Inc/Legacy -I../Drivers/CMSIS/Device/ST/STM32F0xx/Include -I../Drivers/CMSIS/Include -O0 -ffunction-sections -fdata-sections -Wall -fstack-usage -MMD -MP -MF"Core/Src/main.d" -MT"Core/Src/main.o" --specs=nano.specs -mfloat-abi=soft -mthumb -o "Core/Src/main.o"
arm-none-eabi-gcc -o "EEE3096S_2022_Prac_4_PWM_DAC_Student_Version.elf" @"objects.list"   -mcpu=cortex-m0 -T"C:\Users\fynn\Downloads\EEE3096S_2022_Prac_4_PWM_DAC_Student_Version\STM32F051R8TX_FLASH.ld" --specs=nosys.specs -Wl,-Map="EEE3096S_2022_Prac_4_PWM_DAC_Student_Version.map" -Wl,--gc-sections -static --specs=nano.specs -mfloat-abi=soft -mthumb -Wl,--start-group -lc -lm -Wl,--end-group
Finished building target: EEE3096S_2022_Prac_4_PWM_DAC_Student_Version.elf
 
arm-none-eabi-size   EEE3096S_2022_Prac_4_PWM_DAC_Student_Version.elf 
arm-none-eabi-objdump -h -S  EEE3096S_2022_Prac_4_PWM_DAC_Student_Version.elf  > "EEE3096S_2022_Prac_4_PWM_DAC_Student_Version.list"
   text	   data	    bss	    dec	    hex	filename
  11448	   1572	   1788	  14808	   39d8	EEE3096S_2022_Prac_4_PWM_DAC_Student_Version.elf
Finished building: default.size.stdout
 
Finished building: EEE3096S_2022_Prac_4_PWM_DAC_Student_Version.list
 
